Archive member included to satisfy reference by file (symbol)

C:/devkitPro/libnx/lib\libnx.a(applet.o)
                              main.o (appletMainLoop)
C:/devkitPro/libnx/lib\libnx.a(hid.o)
                              main.o (hidKeysDown)
C:/devkitPro/libnx/lib\libnx.a(apm.o)
                              C:/devkitPro/libnx/lib\libnx.a(applet.o) (apmExit)
C:/devkitPro/libnx/lib\libnx.a(sm.o)
                              C:/devkitPro/libnx/lib\libnx.a(applet.o) (smGetService)
C:/devkitPro/libnx/lib\libnx.a(fatal.o)
                              C:/devkitPro/libnx/lib\libnx.a(applet.o) (fatalSimple)
C:/devkitPro/libnx/lib\libnx.a(gfx.o)
                              main.o (gfxInitDefault)
C:/devkitPro/libnx/lib\libnx.a(nvgfx.o)
                              C:/devkitPro/libnx/lib\libnx.a(gfx.o) (nvgfxInitialize)
C:/devkitPro/libnx/lib\libnx.a(env.o)
                              C:/devkitPro/libnx/lib\libnx.a(applet.o) (envIsNso)
C:/devkitPro/libnx/lib\libnx.a(console.o)
                              main.o (consoleInit)
C:/devkitPro/libnx/lib\libnx.a(console_sw.o)
                              C:/devkitPro/libnx/lib\libnx.a(console.o) (getDefaultConsoleRenderer)
C:/devkitPro/libnx/lib\libnx.a(cache.o)
                              C:/devkitPro/libnx/lib\libnx.a(gfx.o) (armDCacheFlush)
C:/devkitPro/libnx/lib\libnx.a(svc.o)
                              C:/devkitPro/libnx/lib\libnx.a(applet.o) (svcExitProcess)
C:/devkitPro/libnx/lib\libnx.a(switch_crt0.o)
                              (_start)
C:/devkitPro/libnx/lib\libnx.a(default_font.bin.o)
                              C:/devkitPro/libnx/lib\libnx.a(console.o) (default_font_bin)
C:/devkitPro/libnx/lib\libnx.a(detect.o)
                              C:/devkitPro/libnx/lib\libnx.a(applet.o) (kernelAbove200)
C:/devkitPro/libnx/lib\libnx.a(shmem.o)
                              C:/devkitPro/libnx/lib\libnx.a(hid.o) (shmemLoadRemote)
C:/devkitPro/libnx/lib\libnx.a(rwlock.o)
                              C:/devkitPro/libnx/lib\libnx.a(hid.o) (rwlockReadLock)
C:/devkitPro/libnx/lib\libnx.a(tmem.o)
                              C:/devkitPro/libnx/lib\libnx.a(applet.o) (tmemCreate)
C:/devkitPro/libnx/lib\libnx.a(mutex.o)
                              C:/devkitPro/libnx/lib\libnx.a(detect.o) (mutexLock)
C:/devkitPro/libnx/lib\libnx.a(virtmem.o)
                              C:/devkitPro/libnx/lib\libnx.a(shmem.o) (virtmemReserve)
C:/devkitPro/libnx/lib\libnx.a(event.o)
                              C:/devkitPro/libnx/lib\libnx.a(applet.o) (eventLoadRemote)
C:/devkitPro/libnx/lib\libnx.a(nv.o)
                              C:/devkitPro/libnx/lib\libnx.a(gfx.o) (nvExit)
C:/devkitPro/libnx/lib\libnx.a(vi.o)
                              C:/devkitPro/libnx/lib\libnx.a(gfx.o) (viExit)
C:/devkitPro/libnx/lib\libnx.a(fence.o)
                              C:/devkitPro/libnx/lib\libnx.a(gfx.o) (nvFenceInit)
C:/devkitPro/libnx/lib\libnx.a(nvhost-ctrl.o)
                              C:/devkitPro/libnx/lib\libnx.a(fence.o) (nvioctlNvhostCtrl_EventSignal)
C:/devkitPro/libnx/lib\libnx.a(nvmap.o)
                              C:/devkitPro/libnx/lib\libnx.a(nvgfx.o) (nvioctlNvmap_Create)
C:/devkitPro/libnx/lib\libnx.a(buffer_producer.o)
                              C:/devkitPro/libnx/lib\libnx.a(gfx.o) (bqRequestBuffer)
C:/devkitPro/libnx/lib\libnx.a(binder.o)
                              C:/devkitPro/libnx/lib\libnx.a(gfx.o) (binderCreate)
C:/devkitPro/libnx/lib\libnx.a(parcel.o)
                              C:/devkitPro/libnx/lib\libnx.a(buffer_producer.o) (parcelCreate)
C:/devkitPro/libnx/lib\libnx.a(dynamic.o)
                              C:/devkitPro/libnx/lib\libnx.a(switch_crt0.o) (__nx_dynamic)
C:/devkitPro/libnx/lib\libnx.a(init.o)
                              C:/devkitPro/libnx/lib\libnx.a(switch_crt0.o) (__libnx_init)
C:/devkitPro/libnx/lib\libnx.a(newlib.o)
                              C:/devkitPro/libnx/lib\libnx.a(init.o) (__libnx_init_time)
C:/devkitPro/libnx/lib\libnx.a(argv.o)
                              C:/devkitPro/libnx/lib\libnx.a(init.o) (argvSetup)
C:/devkitPro/libnx/lib\libnx.a(fs_dev.o)
                              C:/devkitPro/libnx/lib\libnx.a(init.o) (fsdevMountSdmc)
C:/devkitPro/libnx/lib\libnx.a(decode_utf8.o)
                              C:/devkitPro/libnx/lib\libnx.a(fs_dev.o) (decode_utf8)
C:/devkitPro/libnx/lib\libnx.a(exception.o)
                              C:/devkitPro/libnx/lib\libnx.a(switch_crt0.o) (__libnx_exception_entry)
C:/devkitPro/libnx/lib\libnx.a(readtp.o)
                              C:/devkitPro/libnx/lib\libnx.a(fs_dev.o) (__aarch64_read_tp)
C:/devkitPro/libnx/lib\libnx.a(time.o)
                              C:/devkitPro/libnx/lib\libnx.a(init.o) (timeExit)
C:/devkitPro/libnx/lib\libnx.a(fs.o)
                              C:/devkitPro/libnx/lib\libnx.a(init.o) (fsInitialize)
C:/devkitPro/libnx/lib\libnx.a(nxlink.o)
                              C:/devkitPro/libnx/lib\libnx.a(argv.o) (nxlinkSetup)
[...]
Memory Configuration

Name             Origin             Length             Attributes
*default*        0x0000000000000000 0xffffffffffffffff

Linker script and memory map

                0x0000000000000000                PROVIDE (__start__ = 0x0)
                0x0000000000000000                . = __start__

.crt0           0x0000000000000000      0x150
 *(.crt0)
 .crt0          0x0000000000000000      0x14c C:/devkitPro/libnx/lib\libnx.a(switch_crt0.o)
                0x0000000000000000                _start
                0x0000000000000120                __nx_exit
                0x0000000000000130                __nx_mod0
                0x0000000000000150                . = ALIGN (0x8)
 *fill*         0x000000000000014c        0x4 

.init           0x0000000000000150       0x38
 *(.init)
 .init          0x0000000000000150       0x18 c:/devkitpro/devkita64/bin/../lib/gcc/aarch64-none-elf/8.2.0/pic/crti.o
                0x0000000000000150                _init
 .init          0x0000000000000168       0x1c c:/devkitpro/devkita64/bin/../lib/gcc/aarch64-none-elf/8.2.0/pic/crtn.o
                0x0000000000000188                . = ALIGN (0x8)
 *fill*         0x0000000000000184        0x4 

.plt            0x0000000000000188        0x0
 *(.plt)
 .plt           0x0000000000000188        0x0 c:/devkitpro/devkita64/bin/../lib/gcc/aarch64-none-elf/8.2.0/pic/crti.o
 *(.iplt)
                0x0000000000000188                . = ALIGN (0x8)

.text           0x00000000000001c0    0x30080
 *(.text.unlikely .text.*_unlikely .text.unlikely.*)
 *(.text.exit .text.exit.*)
 .text.exit     0x00000000000001c0       0x38 c:/devkitpro/devkita64/bin/../lib/gcc/aarch64-none-elf/8.2.0/../../../../aarch64-none-elf/lib/pic\libg.a(lib_a-exit.o)
                0x00000000000001c0                exit
 *(.text.startup .text.startup.*)
 *fill*         0x00000000000001f8        0x8 
 .text.startup.main
                0x0000000000000200      0x9cc main.o
                0x0000000000000200                main
 *fill*         0x0000000000000bcc        0x4 
 .text.startup._GLOBAL__sub_I_eh_alloc.cc
                0x0000000000000bd0       0x4c c:/devkitpro/devkita64/bin/../lib/gcc/aarch64-none-elf/8.2.0/../../../../aarch64-none-elf/lib/pic\libstdc++.a(eh_alloc.o)
 *(.text.hot .text.hot.*)
 *(.text .stub .text.* .gnu.linkonce.t.*)
 *fill*         0x0000000000000c1c        0x4 
 .text.deregister_tm_clones
                0x0000000000000c20       0x2c c:/devkitpro/devkita64/bin/../lib/gcc/aarch64-none-elf/8.2.0/pic/crtbegin.o
 *fill*         0x0000000000000c4c        0x4 
 .text.register_tm_clones
                0x0000000000000c50       0x38 c:/devkitpro/devkita64/bin/../lib/gcc/aarch64-none-elf/8.2.0/pic/crtbegin.o
 .text.__do_global_dtors_aux
                0x0000000000000c88       0x48 c:/devkitpro/devkita64/bin/../lib/gcc/aarch64-none-elf/8.2.0/pic/crtbegin.o
 .text.frame_dummy
                0x0000000000000cd0       0x34 c:/devkitpro/devkita64/bin/../lib/gcc/aarch64-none-elf/8.2.0/pic/crtbegin.o
 *fill*         0x0000000000000d04        0xc 
 .text._ZN6ObjectC2Ejjj
                0x0000000000000d10        0xc Object.o
                0x0000000000000d10                Object::Object(unsigned int, unsigned int, unsigned int)
                0x0000000000000d10                Object::Object(unsigned int, unsigned int, unsigned int)
 *fill*         0x0000000000000d1c        0x4 
 .text._ZN3Map12modifyPlayerEb6Player
                0x0000000000000d20      0x3a8 Map.o
                0x0000000000000d20                Map::modifyPlayer(bool, Player)
 *fill*         0x00000000000010c8        0x8 
 .text._ZNK3Map9getPlayerEb
                0x00000000000010d0      0x1e4 Map.o
                0x00000000000010d0                Map::getPlayer(bool) const
 *fill*         0x00000000000012b4        0xc 
 .text._ZN3Map12printMapFullE6Player
                0x00000000000012c0      0x140 Map.o
                0x00000000000012c0                Map::printMapFull(Player)
 .text._ZN3Map15processMovementER6Player3Dir
                0x0000000000001400      0x8cc Map.o
                0x0000000000001400                Map::processMovement(Player&, Dir)
 *fill*         0x0000000000001ccc        0x4 
 .text._ZN3Map9playerHitEb6Bullet
                0x0000000000001cd0      0x6a8 Map.o
                0x0000000000001cd0                Map::playerHit(bool, Bullet)
 *fill*         0x0000000000002378        0x8 
 .text._ZN3Map13processBulletEj6Bullet
                0x0000000000002380      0x270 Map.o
                0x0000000000002380                Map::processBullet(unsigned int, Bullet)
 .text._ZN3Map17printMapOptimizedE6Playerb
                0x00000000000025f0      0x39c Map.o
                0x00000000000025f0                Map::printMapOptimized(Player, bool)
 *fill*         0x000000000000298c        0x4 
 .text._ZNSt6vectorI4DoorSaIS0_EE17_M_realloc_insertIJRKS0_EEEvN9__gnu_cxx17__normal_iteratorIPS0_S2_EEDpOT_
                0x0000000000002990      0x174 Map.o
                0x0000000000002990                void std::vector<Door, std::allocator<Door> >::_M_realloc_insert<Door const&>(__gnu_cxx::__normal_iterator<Door*, std::vector<Door, std::allocator<Door> > >, Door const&)
 *fill*         0x0000000000002b04        0xc 
 .text._ZNSt6vectorI6ObjectSaIS0_EE17_M_realloc_insertIJRKS0_EEEvN9__gnu_cxx17__normal_iteratorIPS0_S2_EEDpOT_
                0x0000000000002b10      0x18c Map.o
                0x0000000000002b10                void std::vector<Object, std::allocator<Object> >::_M_realloc_insert<Object const&>(__gnu_cxx::__normal_iterator<Object*, std::vector<Object, std::allocator<Object> > >, Object const&)
 *fill*         0x0000000000002c9c        0x4 
 .text._ZNSt6vectorI6PlayerSaIS0_EE17_M_realloc_insertIJRKS0_EEEvN9__gnu_cxx17__normal_iteratorIPS0_S2_EEDpOT_
                0x0000000000002ca0      0x380 Map.o
                0x0000000000002ca0                void std::vector<Player, std::allocator<Player> >::_M_realloc_insert<Player const&>(__gnu_cxx::__normal_iterator<Player*, std::vector<Player, std::allocator<Player> > >, Player const&)
 .text._ZNSt6vectorI6BulletSaIS0_EE17_M_realloc_insertIJRKS0_EEEvN9__gnu_cxx17__normal_iteratorIPS0_S2_EEDpOT_
                0x0000000000003020      0x18c Map.o
                0x0000000000003020                void std::vector<Bullet, std::allocator<Bullet> >::_M_realloc_insert<Bullet const&>(__gnu_cxx::__normal_iterator<Bullet*, std::vector<Bullet, std::allocator<Bullet> > >, Bullet const&)
 *fill*         0x00000000000031ac        0x4 
 .text._ZN3Map11processGameER6PlayerbRiRjm
                0x00000000000031b0      0x6b4 Map.o
                0x00000000000031b0                Map::processGame(Player&, bool, int&, unsigned int&, unsigned long)
 *fill*         0x0000000000003864        0xc 
 .text._ZN3MapC2Ev
                0x0000000000003870      0x630 Map.o
                0x0000000000003870                Map::Map()
                0x0000000000003870                Map::Map()
 .text._Z9printMenubb3Map
                0x0000000000003ea0      0x234 main.o
                0x0000000000003ea0                printMenu(bool, bool, Map)
 *fill*         0x00000000000040d4        0xc 
 .text._ZN3MapD2Ev
                0x00000000000040e0       0x9c main.o
                0x00000000000040e0                Map::~Map()
                0x00000000000040e0                Map::~Map()
 *fill*         0x000000000000417c        0x4 
 .text._ZN3MapC2ERKS_
                0x0000000000004180      0x3a8 main.o
                0x0000000000004180                Map::Map(Map const&)
                0x0000000000004180                Map::Map(Map const&)
 *fill*         0x0000000000004528        0x8 
 .text._ZN6PlayeraSEOS_
                0x0000000000004530      0x11c main.o
                0x0000000000004530                Player::operator=(Player&&)
 *fill*         0x000000000000464c        0x4 
 .text._ZN6PlayerC2ERKS_
                0x0000000000004650       0xf0 main.o
                0x0000000000004650                Player::Player(Player const&)
                0x0000000000004650                Player::Player(Player const&)
 .text._ZNSt6vectorI6PlayerSaIS0_EEaSERKS2_
                0x0000000000004740      0x66c main.o
                0x0000000000004740                std::vector<Player, std::allocator<Player> >::operator=(std::vector<Player, std::allocator<Player> > const&)
 *fill*         0x0000000000004dac        0x4 
 .text._ZNSt6vectorI4DoorSaIS0_EEaSERKS2_
                0x0000000000004db0      0x168 main.o
                0x0000000000004db0                std::vector<Door, std::allocator<Door> >::operator=(std::vector<Door, std::allocator<Door> > const&)
 *fill*         0x0000000000004f18        0x8 
 .text._ZNSt6vectorI6BulletSaIS0_EEaSERKS2_
                0x0000000000004f20      0x1a8 main.o
                0x0000000000004f20                std::vector<Bullet, std::allocator<Bullet> >::operator=(std::vector<Bullet, std::allocator<Bullet> > const&)
 *fill*         0x00000000000050c8        0x8 
 .text._ZNSt6vectorI6ObjectSaIS0_EEaSERKS2_
                0x00000000000050d0      0x1a8 main.o
                0x00000000000050d0                std::vector<Object, std::allocator<Object> >::operator=(std::vector<Object, std::allocator<Object> > const&)
 *fill*         0x0000000000005278        0x8 
 .text._Z12gameFinishedbRbS_S_S_S_bR3Map
                0x0000000000005280      0x52c main.o
                0x0000000000005280                gameFinished(bool, bool&, bool&, bool&, bool&, bool&, bool, Map&)
 *fill*         0x00000000000057ac        0x4 
 .text._ZN6PlayerC2EPciij
                0x00000000000057b0      0x140 Player.o
                0x00000000000057b0                Player::Player(char*, int, int, unsigned int)
                0x00000000000057b0                Player::Player(char*, int, int, unsigned int)
 .text._ZN6Player7setNameEPc
                0x00000000000058f0        0x8 Player.o
                0x00000000000058f0                Player::setName(char*)
 *fill*         0x00000000000058f8        0x8 
 .text._ZN6Player9setLetterEc
                0x0000000000005900        0x8 Player.o
                0x0000000000005900                Player::setLetter(char)
 *fill*         0x0000000000005908        0x8 
 .text._ZN6Player8setHealtEi
                0x0000000000005910        0x8 Player.o
                0x0000000000005910                Player::setHealt(int)
 *fill*         0x0000000000005918        0x8 
 .text._ZN6Player4setXEj
                0x0000000000005920        0x8 Player.o
                0x0000000000005920                Player::setX(unsigned int)
 *fill*         0x0000000000005928        0x8 
 .text._ZN6Player4setYEj
                0x0000000000005930        0x8 Player.o
                0x0000000000005930                Player::setY(unsigned int)
 *fill*         0x0000000000005938        0x8 
 .text._ZN6Player8setMovesEj
                0x0000000000005940        0x8 Player.o
                0x0000000000005940                Player::setMoves(unsigned int)
 *fill*         0x0000000000005948        0x8 
 .text._ZN6Player11setLastMoveE3Dir
                0x0000000000005950        0x8 Player.o
                0x0000000000005950                Player::setLastMove(Dir)
 *fill*         0x0000000000005958        0x8 
 .text._ZN6Player15setStatsChangedEb
                0x0000000000005960        0x8 Player.o
                0x0000000000005960                Player::setStatsChanged(bool)
 *fill*         0x0000000000005968        0x8 
 .text._ZN6Player19setInventoryChangedEb
                0x0000000000005970        0x8 Player.o
                0x0000000000005970                Player::setInventoryChanged(bool)
 *fill*         0x0000000000005978        0x8 
 .text._ZN6Player9addObjectEj
                0x0000000000005980       0xf4 Player.o
                0x0000000000005980                Player::addObject(unsigned int)
 *fill*         0x0000000000005a74        0xc 
 .text._ZNK6Player9printInfoEv
                0x0000000000005a80       0x14 Player.o
                0x0000000000005a80                Player::printInfo() const
 *fill*         0x0000000000005a94        0xc 
 .text._ZNK6Player10printStatsEv
                0x0000000000005aa0       0x40 Player.o
                0x0000000000005aa0                Player::printStats() const
 .text._ZNK6Player14printInventoryEj
                0x0000000000005ae0      0x168 Player.o
                0x0000000000005ae0                Player::printInventory(unsigned int) const
 *fill*         0x0000000000005c48        0x8 
 .text._ZN6BulletC2Ejj3Dirj
                0x0000000000005c50       0x14 Bullet.o
                0x0000000000005c50                Bullet::Bullet(unsigned int, unsigned int, Dir, unsigned int)
                0x0000000000005c50                Bullet::Bullet(unsigned int, unsigned int, Dir, unsigned int)
 *fill*         0x0000000000005c64        0xc 
 .text._ZN6Bullet4setXEj
                0x0000000000005c70        0x8 Bullet.o
                0x0000000000005c70                Bullet::setX(unsigned int)
 *fill*         0x0000000000005c78        0x8 
 .text._ZN6Bullet4setYEj
                0x0000000000005c80        0x8 Bullet.o
                0x0000000000005c80                Bullet::setY(unsigned int)
 *fill*         0x0000000000005c88        0x8 
 .text._ZN4DoorC2Ejj
                0x0000000000005c90       0x14 Door.o
                0x0000000000005c90                Door::Door(unsigned int, unsigned int)
                0x0000000000005c90                Door::Door(unsigned int, unsigned int)
 *fill*         0x0000000000005ca4        0xc 
 .text._ZN4Door7setOpenEb
                0x0000000000005cb0       0x18 Door.o
                0x0000000000005cb0                Door::setOpen(bool)
 *fill*         0x0000000000005cc8        0x8 
 .text._ZN4Door7setTimeEv
                0x0000000000005cd0       0x14 Door.o
                0x0000000000005cd0                Door::setTime()
 *fill*         0x0000000000005ce4        0xc 
 .text._ZN8KeyboardC2EPc
                0x0000000000005cf0       0x9c Keyboard.o
                0x0000000000005cf0                Keyboard::Keyboard(char*)
                0x0000000000005cf0                Keyboard::Keyboard(char*)
 *fill*         0x0000000000005d8c        0x4 
 .text._ZN8Keyboard11setKeyboardEPc
                0x0000000000005d90       0x88 Keyboard.o
                0x0000000000005d90                Keyboard::setKeyboard(char*)
 *fill*         0x0000000000005e18        0x8 
 .text._ZN8Keyboard7setCapsEb
                0x0000000000005e20        0x8 Keyboard.o
                0x0000000000005e20                Keyboard::setCaps(bool)
 *fill*         0x0000000000005e28        0x8 
 .text._ZN8Keyboard8setIndexEi
                0x0000000000005e30        0x8 Keyboard.o
                0x0000000000005e30                Keyboard::setIndex(int)
 *fill*         0x0000000000005e38        0x8 
 .text._ZN8Keyboard15processKeyboardEb
                0x0000000000005e40      0x1e4 Keyboard.o
                0x0000000000005e40                Keyboard::processKeyboard(bool)
 *fill*         0x0000000000006024        0xc 
 .text._ZN8Keyboard13printKeyboardEb
                0x0000000000006030       0xb8 Keyboard.o
                0x0000000000006030                Keyboard::printKeyboard(bool)
 *fill*         0x00000000000060e8        0x8 
 .text._ZN8Keyboard12printCurNameEbPci
                0x00000000000060f0       0x94 Keyboard.o
                0x00000000000060f0                Keyboard::printCurName(bool, char*, int)
 *fill*         0x0000000000006184        0xc 
 .text.ipcCloseObjectById
                0x0000000000006190       0x34 C:/devkitPro/libnx/lib\libnx.a(applet.o)
 *fill*         0x00000000000061c4        0xc 
 .text._appletCmdNoIO
                0x00000000000061d0       0xc4 C:/devkitPro/libnx/lib\libnx.a(applet.o)
 *fill*         0x0000000000006294        0xc 
 .text._appletGetHandle
                0x00000000000062a0      0x124 C:/devkitPro/libnx/lib\libnx.a(applet.o)
 *fill*         0x00000000000063c4        0xc 
 .text._appletGetPerformanceMode.constprop.18
                0x00000000000063d0       0xe0 C:/devkitPro/libnx/lib\libnx.a(applet.o)
 .text._appletGetOperationMode.constprop.17
                0x00000000000064b0       0xe0 C:/devkitPro/libnx/lib\libnx.a(applet.o)
 .text._appletGetCurrentFocusState.constprop.19
                0x0000000000006590       0xe0 C:/devkitPro/libnx/lib\libnx.a(applet.o)
 .text._appletReceiveMessage
                0x0000000000006670       0xec C:/devkitPro/libnx/lib\libnx.a(applet.o)
 *fill*         0x000000000000675c        0x4 
 .text._appletAcquireForegroundRights
                0x0000000000006760       0xcc C:/devkitPro/libnx/lib\libnx.a(applet.o)
 *fill*         0x000000000000682c        0x4 
 .text._appletSetOutOfFocusSuspendingEnabled
                0x0000000000006830       0xd0 C:/devkitPro/libnx/lib\libnx.a(applet.o)
 .text._appletSetOperationModeChangedNotification.constprop.20
                0x0000000000006900       0xd4 C:/devkitPro/libnx/lib\libnx.a(applet.o)
 *fill*         0x00000000000069d4        0xc 
 .text._appletSetPerformanceModeChangedNotification.constprop.21
                0x00000000000069e0       0xd4 C:/devkitPro/libnx/lib\libnx.a(applet.o)
 *fill*         0x0000000000006ab4        0xc 
 .text._appletSetFocusHandlingMode
                0x0000000000006ac0       0xd8 C:/devkitPro/libnx/lib\libnx.a(applet.o)
 *fill*         0x0000000000006b98        0x8 
 .text._appletGetAppletResourceUserId.constprop.15
                0x0000000000006ba0       0xe0 C:/devkitPro/libnx/lib\libnx.a(applet.o)
 .text._appletGetSessionProxy.constprop.14
                0x0000000000006c80      0x13c C:/devkitPro/libnx/lib\libnx.a(applet.o)
 *fill*         0x0000000000006dbc        0x4 
 .text.appletGetAppletType
                0x0000000000006dc0       0x10 C:/devkitPro/libnx/lib\libnx.a(applet.o)
                0x0000000000006dc0                appletGetAppletType
 .text.appletHook
                0x0000000000006dd0       0x28 C:/devkitPro/libnx/lib\libnx.a(applet.o)
                0x0000000000006dd0                appletHook
 *fill*         0x0000000000006df8        0x8 
 .text.appletUnhook
                0x0000000000006e00       0x34 C:/devkitPro/libnx/lib\libnx.a(applet.o)
                0x0000000000006e00                appletUnhook
 *fill*         0x0000000000006e34        0xc 
 .text.appletSetFocusHandlingMode
                0x0000000000006e40       0xec C:/devkitPro/libnx/lib\libnx.a(applet.o)
                0x0000000000006e40                appletSetFocusHandlingMode
 *fill*         0x0000000000006f2c        0x4 
 .text.appletGetAppletResourceUserId
                0x0000000000006f30       0x28 C:/devkitPro/libnx/lib\libnx.a(applet.o)
                0x0000000000006f30                appletGetAppletResourceUserId
 *fill*         0x0000000000006f58        0x8 
 .text.appletNotifyRunning
                0x0000000000006f60      0x120 C:/devkitPro/libnx/lib\libnx.a(applet.o)
                0x0000000000006f60                appletNotifyRunning
 .text.appletSetGamePlayRecordingState
                0x0000000000007080      0x124 C:/devkitPro/libnx/lib\libnx.a(applet.o)
                0x0000000000007080                appletSetGamePlayRecordingState
 *fill*         0x00000000000071a4        0xc 
 .text.appletExit
                0x00000000000071b0      0x694 C:/devkitPro/libnx/lib\libnx.a(applet.o)
                0x00000000000071b0                appletExit
 *fill*         0x0000000000007844        0xc 
 .text.appletInitialize
                0x0000000000007850      0x560 C:/devkitPro/libnx/lib\libnx.a(applet.o)
                0x0000000000007850                appletInitialize
 .text._appletExitProcess
                0x0000000000007db0       0x10 C:/devkitPro/libnx/lib\libnx.a(applet.o)
 .text.appletCreateManagedDisplayLayer
                0x0000000000007dc0       0xec C:/devkitPro/libnx/lib\libnx.a(applet.o)
                0x0000000000007dc0                appletCreateManagedDisplayLayer
 *fill*         0x0000000000007eac        0x4 
 .text.appletGetOperationMode
                0x0000000000007eb0        0xc C:/devkitPro/libnx/lib\libnx.a(applet.o)
                0x0000000000007eb0                appletGetOperationMode
 *fill*         0x0000000000007ebc        0x4 
 .text.appletMainLoop
                0x0000000000007ec0      0x17c C:/devkitPro/libnx/lib\libnx.a(applet.o)
                0x0000000000007ec0                appletMainLoop
 *fill*         0x000000000000803c        0x4 
 .text.ipcCloseObjectById
                0x0000000000008040       0x34 C:/devkitPro/libnx/lib\libnx.a(hid.o)
 *fill*         0x0000000000008074        0xc 
 .text._hidGetSharedMemoryHandle.constprop.10
                0x0000000000008080      0x124 C:/devkitPro/libnx/lib\libnx.a(hid.o)
 *fill*         0x00000000000081a4        0xc 
 .text._hidCreateAppletResource.constprop.9
                0x00000000000081b0      0x134 C:/devkitPro/libnx/lib\libnx.a(hid.o)
 *fill*         0x00000000000082e4        0xc 
 .text._hidCmdWithNoInput
                0x00000000000082f0      0x100 C:/devkitPro/libnx/lib\libnx.a(hid.o)
 .text._hidCmdWithInputU32
                0x00000000000083f0      0x10c C:/devkitPro/libnx/lib\libnx.a(hid.o)
 *fill*         0x00000000000084fc        0x4 
 .text._hidCmdWithInputU64.constprop.11
                0x0000000000008500      0x108 C:/devkitPro/libnx/lib\libnx.a(hid.o)
 *fill*         0x0000000000008608        0x8 
 .text.hidReset
                0x0000000000008610      0x1d0 C:/devkitPro/libnx/lib\libnx.a(hid.o)
                0x0000000000008610                hidReset
 .text.hidGetSharedmemAddr
                0x00000000000087e0        0xc C:/devkitPro/libnx/lib\libnx.a(hid.o)
                0x00000000000087e0                hidGetSharedmemAddr
 *fill*         0x00000000000087ec        0x4 
 .text.hidKeysDown
                0x00000000000087f0       0x6c C:/devkitPro/libnx/lib\libnx.a(hid.o)
                0x00000000000087f0                hidKeysDown
 *fill*         0x000000000000885c        0x4 
 .text.hidTouchCount
                0x0000000000008860        0xc C:/devkitPro/libnx/lib\libnx.a(hid.o)
                0x0000000000008860                hidTouchCount
 *fill*         0x000000000000886c        0x4 
 .text.hidScanInput
                0x0000000000008870      0x560 C:/devkitPro/libnx/lib\libnx.a(hid.o)
                0x0000000000008870                hidScanInput
 .text.hidSetSupportedNpadIdType
                0x0000000000008dd0      0x198 C:/devkitPro/libnx/lib\libnx.a(hid.o)
                0x0000000000008dd0                hidSetSupportedNpadIdType
 *fill*         0x0000000000008f68        0x8 
 .text.hidSetSupportedNpadStyleSet
                0x0000000000008f70        0xc C:/devkitPro/libnx/lib\libnx.a(hid.o)
                0x0000000000008f70                hidSetSupportedNpadStyleSet
 *fill*         0x0000000000008f7c        0x4 
 .text.hidSetNpadJoyHoldType
                0x0000000000008f80        0x8 C:/devkitPro/libnx/lib\libnx.a(hid.o)
                0x0000000000008f80                hidSetNpadJoyHoldType
 *fill*         0x0000000000008f88        0x8 
 .text.hidSetNpadJoyAssignmentModeDual
                0x0000000000008f90        0xc C:/devkitPro/libnx/lib\libnx.a(hid.o)
                0x0000000000008f90                hidSetNpadJoyAssignmentModeDual
 *fill*         0x0000000000008f9c        0x4 
 .text.hidExit  0x0000000000008fa0      0x134 C:/devkitPro/libnx/lib\libnx.a(hid.o)
                0x0000000000008fa0                hidExit
 *fill*         0x00000000000090d4        0xc 
 .text.hidInitialize
                0x00000000000090e0      0x168 C:/devkitPro/libnx/lib\libnx.a(hid.o)
                0x00000000000090e0                hidInitialize
 *fill*         0x0000000000009248        0x8 
 .text.ipcCloseObjectById
                0x0000000000009250       0x34 C:/devkitPro/libnx/lib\libnx.a(apm.o)
 *fill*         0x0000000000009284        0xc 
 .text._apmGetSession.constprop.4
                0x0000000000009290      0x124 C:/devkitPro/libnx/lib\libnx.a(apm.o)
 *fill*         0x00000000000093b4        0xc 
 .text.apmExit  0x00000000000093c0       0xf0 C:/devkitPro/libnx/lib\libnx.a(apm.o)
                0x00000000000093c0                apmExit
 .text.apmInitialize
                0x00000000000094b0       0x8c C:/devkitPro/libnx/lib\libnx.a(apm.o)
                0x00000000000094b0                apmInitialize
 *fill*         0x000000000000953c        0x4 
 .text.apmSetPerformanceConfiguration
                0x0000000000009540       0xcc C:/devkitPro/libnx/lib\libnx.a(apm.o)
                0x0000000000009540                apmSetPerformanceConfiguration
 *fill*         0x000000000000960c        0x4 
 .text.smAddOverrideHandle
                0x0000000000009610       0x44 C:/devkitPro/libnx/lib\libnx.a(sm.o)
                0x0000000000009610                smAddOverrideHandle
 *fill*         0x0000000000009654        0xc 
 .text.smGetServiceOverride
                0x0000000000009660       0x60 C:/devkitPro/libnx/lib\libnx.a(sm.o)
                0x0000000000009660                smGetServiceOverride
 .text.smHasInitialized
                0x00000000000096c0       0x14 C:/devkitPro/libnx/lib\libnx.a(sm.o)
                0x00000000000096c0                smHasInitialized
 *fill*         0x00000000000096d4        0xc 
 .text.smExit   0x00000000000096e0       0x5c C:/devkitPro/libnx/lib\libnx.a(sm.o)
                0x00000000000096e0                smExit
 *fill*         0x000000000000973c        0x4 
 .text.smEncodeName
                0x0000000000009740       0x38 C:/devkitPro/libnx/lib\libnx.a(sm.o)
                0x0000000000009740                smEncodeName
 *fill*         0x0000000000009778        0x8 
 .text.smGetServiceOriginal
                0x0000000000009780      0x12c C:/devkitPro/libnx/lib\libnx.a(sm.o)
                0x0000000000009780                smGetServiceOriginal
 *fill*         0x00000000000098ac        0x4 
 .text.smInitialize
                0x00000000000098b0      0x158 C:/devkitPro/libnx/lib\libnx.a(sm.o)
                0x00000000000098b0                smInitialize
 *fill*         0x0000000000009a08        0x8 
 .text.smGetService
                0x0000000000009a10       0x74 C:/devkitPro/libnx/lib\libnx.a(sm.o)
                0x0000000000009a10                smGetService
 *fill*         0x0000000000009a84        0xc 
 .text._fatalImpl
                0x0000000000009a90      0x140 C:/devkitPro/libnx/lib\libnx.a(fatal.o)
 .text.fatalWithType
                0x0000000000009bd0       0x14 C:/devkitPro/libnx/lib\libnx.a(fatal.o)
                0x0000000000009bd0                fatalWithType
 *fill*         0x0000000000009be4        0xc 
 .text.fatalSimple
                0x0000000000009bf0       0x14 C:/devkitPro/libnx/lib\libnx.a(fatal.o)
                0x0000000000009bf0                fatalSimple
 *fill*         0x0000000000009c04        0xc 
 .text._gfxCancelBuffer
                0x0000000000009c10       0x4c C:/devkitPro/libnx/lib\libnx.a(gfx.o)
 *fill*         0x0000000000009c5c        0x4 
 .text._gfxDequeueBuffer.part.0
                0x0000000000009c60      0x170 C:/devkitPro/libnx/lib\libnx.a(gfx.o)
 .text.gfxInitDefault
                0x0000000000009dd0      0x4b4 C:/devkitPro/libnx/lib\libnx.a(gfx.o)
                0x0000000000009dd0                gfxInitDefault
 *fill*         0x000000000000a284        0xc 
 .text.gfxConfigureCrop
                0x000000000000a290       0xe8 C:/devkitPro/libnx/lib\libnx.a(gfx.o)
                0x000000000000a290                gfxConfigureCrop
 *fill*         0x000000000000a378        0x8 
 .text.gfxConfigureResolution
                0x000000000000a380       0x14 C:/devkitPro/libnx/lib\libnx.a(gfx.o)
                0x000000000000a380                gfxConfigureResolution
 *fill*         0x000000000000a394        0xc 
 .text._gfxAutoResolutionAppletHook
                0x000000000000a3a0       0x60 C:/devkitPro/libnx/lib\libnx.a(gfx.o)
 .text.gfxConfigureAutoResolution
                0x000000000000a400      0x11c C:/devkitPro/libnx/lib\libnx.a(gfx.o)
                0x000000000000a400                gfxConfigureAutoResolution
 *fill*         0x000000000000a51c        0x4 
 .text.gfxExit  0x000000000000a520      0x174 C:/devkitPro/libnx/lib\libnx.a(gfx.o)
                0x000000000000a520                gfxExit
 *fill*         0x000000000000a694        0xc 
 .text._gfxGraphicBufferInit
                0x000000000000a6a0       0x3c C:/devkitPro/libnx/lib\libnx.a(gfx.o)
                0x000000000000a6a0                _gfxGraphicBufferInit
 *fill*         0x000000000000a6dc        0x4 
 .text.gfxWaitForVsync
                0x000000000000a6e0       0x2c C:/devkitPro/libnx/lib\libnx.a(gfx.o)
                0x000000000000a6e0                gfxWaitForVsync
 *fill*         0x000000000000a70c        0x4 
 .text.gfxSwapBuffers
                0x000000000000a710       0x6c C:/devkitPro/libnx/lib\libnx.a(gfx.o)
                0x000000000000a710                gfxSwapBuffers
 *fill*         0x000000000000a77c        0x4 
 .text.gfxGetFramebuffer
                0x000000000000a780       0x68 C:/devkitPro/libnx/lib\libnx.a(gfx.o)
                0x000000000000a780                gfxGetFramebuffer
 *fill*         0x000000000000a7e8        0x8 
 .text.gfxGetFramebufferResolution
                0x000000000000a7f0       0x2c C:/devkitPro/libnx/lib\libnx.a(gfx.o)
                0x000000000000a7f0                gfxGetFramebufferResolution
 *fill*         0x000000000000a81c        0x4 
 .text.gfxSetMode
                0x000000000000a820        0xc C:/devkitPro/libnx/lib\libnx.a(gfx.o)
                0x000000000000a820                gfxSetMode
 *fill*         0x000000000000a82c        0x4 
 .text.gfxFlushBuffers
                0x000000000000a830      0x12c C:/devkitPro/libnx/lib\libnx.a(gfx.o)
                0x000000000000a830                gfxFlushBuffers
 *fill*         0x000000000000a95c        0x4 
 .text.nvmapobjClose.part.0.constprop.3
                0x000000000000a960       0x38 C:/devkitPro/libnx/lib\libnx.a(nvgfx.o)
 *fill*         0x000000000000a998        0x8 
 .text.nvgfxInitialize
                0x000000000000a9a0      0x1e8 C:/devkitPro/libnx/lib\libnx.a(nvgfx.o)
                0x000000000000a9a0                nvgfxInitialize
 *fill*         0x000000000000ab88        0x8 
 .text.nvgfxExit
                0x000000000000ab90       0x58 C:/devkitPro/libnx/lib\libnx.a(nvgfx.o)
                0x000000000000ab90                nvgfxExit
 *fill*         0x000000000000abe8        0x8 
 .text.nvgfxGetFramebuffer
                0x000000000000abf0       0x4c C:/devkitPro/libnx/lib\libnx.a(nvgfx.o)
                0x000000000000abf0                nvgfxGetFramebuffer
 *fill*         0x000000000000ac3c        0x4 
 .text.envSetup
                0x000000000000ac40      0x208 C:/devkitPro/libnx/lib\libnx.a(env.o)
                0x000000000000ac40                envSetup
 *fill*         0x000000000000ae48        0x8 
 .text.envGetMainThreadHandle
                0x000000000000ae50       0x20 C:/devkitPro/libnx/lib\libnx.a(env.o)
                0x000000000000ae50                envGetMainThreadHandle
 .text.envIsNso
                0x000000000000ae70        0xc C:/devkitPro/libnx/lib\libnx.a(env.o)
                0x000000000000ae70                envIsNso
 *fill*         0x000000000000ae7c        0x4 
 .text.envHasHeapOverride
                0x000000000000ae80       0x14 C:/devkitPro/libnx/lib\libnx.a(env.o)
                0x000000000000ae80                envHasHeapOverride
 *fill*         0x000000000000ae94        0xc 
 .text.envGetHeapOverrideAddr
                0x000000000000aea0        0xc C:/devkitPro/libnx/lib\libnx.a(env.o)
                0x000000000000aea0                envGetHeapOverrideAddr
 *fill*         0x000000000000aeac        0x4 
 .text.envGetHeapOverrideSize
                0x000000000000aeb0        0xc C:/devkitPro/libnx/lib\libnx.a(env.o)
                0x000000000000aeb0                envGetHeapOverrideSize
 *fill*         0x000000000000aebc        0x4 
 .text.envHasArgv
                0x000000000000aec0       0x14 C:/devkitPro/libnx/lib\libnx.a(env.o)
                0x000000000000aec0                envHasArgv
 *fill*         0x000000000000aed4        0xc 
 .text.envGetArgv
                0x000000000000aee0        0xc C:/devkitPro/libnx/lib\libnx.a(env.o)
                0x000000000000aee0                envGetArgv
 *fill*         0x000000000000aeec        0x4 
 .text.envGetExitFuncPtr
                0x000000000000aef0        0xc C:/devkitPro/libnx/lib\libnx.a(env.o)
                0x000000000000aef0                envGetExitFuncPtr
 *fill*         0x000000000000aefc        0x4 
 .text.envSetExitFuncPtr
                0x000000000000af00        0xc C:/devkitPro/libnx/lib\libnx.a(env.o)
                0x000000000000af00                envSetExitFuncPtr
 *fill*         0x000000000000af0c        0x4 
 .text.consoleDrawChar
                0x000000000000af10       0x44 C:/devkitPro/libnx/lib\libnx.a(console.o)
 *fill*         0x000000000000af54        0xc 
 .text.consoleClearLine
                0x000000000000af60      0x140 C:/devkitPro/libnx/lib\libnx.a(console.o)
 .text.consoleNewRow
                0x000000000000b0a0       0x4c C:/devkitPro/libnx/lib\libnx.a(console.o)
 *fill*         0x000000000000b0ec        0x4 
 .text.consolePrintChar
                0x000000000000b0f0      0x118 C:/devkitPro/libnx/lib\libnx.a(console.o)
 *fill*         0x000000000000b208        0x8 
 .text.consoleCls
                0x000000000000b210      0x15c C:/devkitPro/libnx/lib\libnx.a(console.o)
 *fill*         0x000000000000b36c        0x4 
 .text.con_write
                0x000000000000b370      0x7e0 C:/devkitPro/libnx/lib\libnx.a(console.o)
 .text.consoleInit
                0x000000000000bb50      0x114 C:/devkitPro/libnx/lib\libnx.a(console.o)
                0x000000000000bb50                consoleInit
 *fill*         0x000000000000bc64        0xc 
 .text.consoleClear
                0x000000000000bc70        0xc C:/devkitPro/libnx/lib\libnx.a(console.o)
                0x000000000000bc70                consoleClear
 *fill*         0x000000000000bc7c        0x4 
 .text.ConsoleSwRenderer_flushAndSwap
                0x000000000000bc80       0x14 C:/devkitPro/libnx/lib\libnx.a(console_sw.o)
 *fill*         0x000000000000bc94        0xc 
 .text.ConsoleSwRenderer_deinit
                0x000000000000bca0        0x4 C:/devkitPro/libnx/lib\libnx.a(console_sw.o)
 *fill*         0x000000000000bca4        0xc 
 .text.ConsoleSwRenderer_init
                0x000000000000bcb0       0xac C:/devkitPro/libnx/lib\libnx.a(console_sw.o)
 *fill*         0x000000000000bd5c        0x4 
 .text.ConsoleSwRenderer_drawChar
                0x000000000000bd60      0x224 C:/devkitPro/libnx/lib\libnx.a(console_sw.o)
 *fill*         0x000000000000bf84        0xc 
 .text.ConsoleSwRenderer_scrollWindow
                0x000000000000bf90      0x158 C:/devkitPro/libnx/lib\libnx.a(console_sw.o)
 *fill*         0x000000000000c0e8        0x8 
 .text.getDefaultConsoleRenderer
                0x000000000000c0f0        0xc C:/devkitPro/libnx/lib\libnx.a(console_sw.o)
                0x000000000000c0f0                getDefaultConsoleRenderer
 .text.armDCacheFlush
                0x000000000000c0fc       0x3c C:/devkitPro/libnx/lib\libnx.a(cache.o)
                0x000000000000c0fc                armDCacheFlush
 .text.svcSetHeapSize
                0x000000000000c138       0x14 C:/devkitPro/libnx/lib\libnx.a(svc.o)
                0x000000000000c138                svcSetHeapSize
 .text.svcUnmapMemory
                0x000000000000c14c        0x8 C:/devkitPro/libnx/lib\libnx.a(svc.o)
                0x000000000000c14c                svcUnmapMemory
 .text.svcQueryMemory
                0x000000000000c154       0x14 C:/devkitPro/libnx/lib\libnx.a(svc.o)
                0x000000000000c154                svcQueryMemory
 .text.svcExitProcess
                0x000000000000c168        0x8 C:/devkitPro/libnx/lib\libnx.a(svc.o)
                0x000000000000c168                svcExitProcess
 .text.svcSleepThread
                0x000000000000c170        0x8 C:/devkitPro/libnx/lib\libnx.a(svc.o)
                0x000000000000c170                svcSleepThread
 .text.svcMapSharedMemory
                0x000000000000c178        0x8 C:/devkitPro/libnx/lib\libnx.a(svc.o)
                0x000000000000c178                svcMapSharedMemory
 .text.svcUnmapSharedMemory
                0x000000000000c180        0x8 C:/devkitPro/libnx/lib\libnx.a(svc.o)
                0x000000000000c180                svcUnmapSharedMemory
 .text.svcCreateTransferMemory
                0x000000000000c188       0x14 C:/devkitPro/libnx/lib\libnx.a(svc.o)
                0x000000000000c188                svcCreateTransferMemory
 .text.svcCloseHandle
                0x000000000000c19c        0x8 C:/devkitPro/libnx/lib\libnx.a(svc.o)
                0x000000000000c19c                svcCloseHandle
 .text.svcResetSignal
                0x000000000000c1a4        0x8 C:/devkitPro/libnx/lib\libnx.a(svc.o)
                0x000000000000c1a4                svcResetSignal
 .text.svcWaitSynchronization
                0x000000000000c1ac       0x14 C:/devkitPro/libnx/lib\libnx.a(svc.o)
                0x000000000000c1ac                svcWaitSynchronization
 .text.svcArbitrateLock
                0x000000000000c1c0        0x8 C:/devkitPro/libnx/lib\libnx.a(svc.o)
                0x000000000000c1c0                svcArbitrateLock
 .text.svcArbitrateUnlock
                0x000000000000c1c8        0x8 C:/devkitPro/libnx/lib\libnx.a(svc.o)
                0x000000000000c1c8                svcArbitrateUnlock
 .text.svcConnectToNamedPort
                0x000000000000c1d0       0x14 C:/devkitPro/libnx/lib\libnx.a(svc.o)
                0x000000000000c1d0                svcConnectToNamedPort
 .text.svcSendSyncRequest
                0x000000000000c1e4        0x8 C:/devkitPro/libnx/lib\libnx.a(svc.o)
                0x000000000000c1e4                svcSendSyncRequest
 .text.svcBreak
                0x000000000000c1ec        0x8 C:/devkitPro/libnx/lib\libnx.a(svc.o)
                0x000000000000c1ec                svcBreak
 .text.svcReturnFromException
                0x000000000000c1f4        0x8 C:/devkitPro/libnx/lib\libnx.a(svc.o)
                0x000000000000c1f4                svcReturnFromException
 .text.svcGetInfo
                0x000000000000c1fc       0x14 C:/devkitPro/libnx/lib\libnx.a(svc.o)
                0x000000000000c1fc                svcGetInfo
 .text.svcUnmapTransferMemory
                0x000000000000c210        0x8 C:/devkitPro/libnx/lib\libnx.a(svc.o)
                0x000000000000c210                svcUnmapTransferMemory
 *fill*         0x000000000000c218        0x8 
 .text._CacheValues
                0x000000000000c220      0x180 C:/devkitPro/libnx/lib\libnx.a(detect.o)
 .text.kernelAbove200
                0x000000000000c3a0       0x1c C:/devkitPro/libnx/lib\libnx.a(detect.o)
                0x000000000000c3a0                kernelAbove200
 *fill*         0x000000000000c3bc        0x4 
 .text.kernelAbove300
                0x000000000000c3c0       0x1c C:/devkitPro/libnx/lib\libnx.a(detect.o)
                0x000000000000c3c0                kernelAbove300
 *fill*         0x000000000000c3dc        0x4 
 .text.detectDebugger
                0x000000000000c3e0       0x30 C:/devkitPro/libnx/lib\libnx.a(detect.o)
                0x000000000000c3e0                detectDebugger
 .text.shmemLoadRemote
                0x000000000000c410       0x14 C:/devkitPro/libnx/lib\libnx.a(shmem.o)
                0x000000000000c410                shmemLoadRemote
 *fill*         0x000000000000c424        0xc 
 .text.shmemMap
                0x000000000000c430       0x84 C:/devkitPro/libnx/lib\libnx.a(shmem.o)
                0x000000000000c430                shmemMap
 *fill*         0x000000000000c4b4        0xc 
 .text.shmemUnmap
                0x000000000000c4c0       0x58 C:/devkitPro/libnx/lib\libnx.a(shmem.o)
                0x000000000000c4c0                shmemUnmap
 *fill*         0x000000000000c518        0x8 
 .text.shmemClose
                0x000000000000c520       0x44 C:/devkitPro/libnx/lib\libnx.a(shmem.o)
                0x000000000000c520                shmemClose
 *fill*         0x000000000000c564        0xc 
 .text.rwlockReadLock
                0x000000000000c570       0x4c C:/devkitPro/libnx/lib\libnx.a(rwlock.o)
                0x000000000000c570                rwlockReadLock
 *fill*         0x000000000000c5bc        0x4 
 .text.rwlockReadUnlock
                0x000000000000c5c0       0x4c C:/devkitPro/libnx/lib\libnx.a(rwlock.o)
                0x000000000000c5c0                rwlockReadUnlock
 *fill*         0x000000000000c60c        0x4 
 .text.rwlockWriteLock
                0x000000000000c610        0x8 C:/devkitPro/libnx/lib\libnx.a(rwlock.o)
                0x000000000000c610                rwlockWriteLock
 *fill*         0x000000000000c618        0x8 
 .text.rwlockWriteUnlock
                0x000000000000c620        0x8 C:/devkitPro/libnx/lib\libnx.a(rwlock.o)
                0x000000000000c620                rwlockWriteUnlock
 *fill*         0x000000000000c628        0x8 
 .text.tmemCreate
                0x000000000000c630       0xa8 C:/devkitPro/libnx/lib\libnx.a(tmem.o)
                0x000000000000c630                tmemCreate
 *fill*         0x000000000000c6d8        0x8 
 .text.tmemUnmap
                0x000000000000c6e0       0x58 C:/devkitPro/libnx/lib\libnx.a(tmem.o)
                0x000000000000c6e0                tmemUnmap
 *fill*         0x000000000000c738        0x8 
 .text.tmemClose
                0x000000000000c740       0x68 C:/devkitPro/libnx/lib\libnx.a(tmem.o)
                0x000000000000c740                tmemClose
 *fill*         0x000000000000c7a8        0x8 
 .text.mutexLock
                0x000000000000c7b0       0x8c C:/devkitPro/libnx/lib\libnx.a(mutex.o)
                0x000000000000c7b0                mutexLock
 *fill*         0x000000000000c83c        0x4 
 .text.mutexUnlock
                0x000000000000c840       0x30 C:/devkitPro/libnx/lib\libnx.a(mutex.o)
                0x000000000000c840                mutexUnlock
 .text.rmutexLock
                0x000000000000c870       0x4c C:/devkitPro/libnx/lib\libnx.a(mutex.o)
                0x000000000000c870                rmutexLock
 *fill*         0x000000000000c8bc        0x4 
 .text.rmutexUnlock
                0x000000000000c8c0       0x1c C:/devkitPro/libnx/lib\libnx.a(mutex.o)
                0x000000000000c8c0                rmutexUnlock
 *fill*         0x000000000000c8dc        0x4 
 .text._GetRegionFromInfo.isra.1
                0x000000000000c8e0       0x7c C:/devkitPro/libnx/lib\libnx.a(virtmem.o)
 *fill*         0x000000000000c95c        0x4 
 .text.virtmemSetup
                0x000000000000c960      0x114 C:/devkitPro/libnx/lib\libnx.a(virtmem.o)
                0x000000000000c960                virtmemSetup
 *fill*         0x000000000000ca74        0xc 
 .text.virtmemReserve
                0x000000000000ca80      0x13c C:/devkitPro/libnx/lib\libnx.a(virtmem.o)
                0x000000000000ca80                virtmemReserve
 *fill*         0x000000000000cbbc        0x4 
 .text.virtmemFree
                0x000000000000cbc0        0x4 C:/devkitPro/libnx/lib\libnx.a(virtmem.o)
                0x000000000000cbc0                virtmemFree
 *fill*         0x000000000000cbc4        0xc 
 .text.eventLoadRemote
                0x000000000000cbd0        0xc C:/devkitPro/libnx/lib\libnx.a(event.o)
                0x000000000000cbd0                eventLoadRemote
 *fill*         0x000000000000cbdc        0x4 
 .text.eventWait
                0x000000000000cbe0      0x11c C:/devkitPro/libnx/lib\libnx.a(event.o)
                0x000000000000cbe0                eventWait
 *fill*         0x000000000000ccfc        0x4 
 .text.eventClose
                0x000000000000cd00       0x50 C:/devkitPro/libnx/lib\libnx.a(event.o)
                0x000000000000cd00                eventClose
 .text.ipcCloseObjectById
                0x000000000000cd50       0x34 C:/devkitPro/libnx/lib\libnx.a(nv.o)
 *fill*         0x000000000000cd84        0xc 
 .text.ipcQueryPointerBufferSize.constprop.10
                0x000000000000cd90       0xc8 C:/devkitPro/libnx/lib\libnx.a(nv.o)
 *fill*         0x000000000000ce58        0x8 
 .text.ipcCloneSession.constprop.9
                0x000000000000ce60      0x10c C:/devkitPro/libnx/lib\libnx.a(nv.o)
 *fill*         0x000000000000cf6c        0x4 
 .text._nvSetClientPID
                0x000000000000cf70       0xd8 C:/devkitPro/libnx/lib\libnx.a(nv.o)
 *fill*         0x000000000000d048        0x8 
 .text._nvInitialize.constprop.8
                0x000000000000d050       0xf0 C:/devkitPro/libnx/lib\libnx.a(nv.o)
 .text.nvExit   0x000000000000d140      0x108 C:/devkitPro/libnx/lib\libnx.a(nv.o)
                0x000000000000d140                nvExit
 *fill*         0x000000000000d248        0x8 
 .text.nvInitialize
                0x000000000000d250      0x178 C:/devkitPro/libnx/lib\libnx.a(nv.o)
                0x000000000000d250                nvInitialize
 *fill*         0x000000000000d3c8        0x8 
 .text.nvConvertError
                0x000000000000d3d0      0x12c C:/devkitPro/libnx/lib\libnx.a(nv.o)
                0x000000000000d3d0                nvConvertError
 *fill*         0x000000000000d4fc        0x4 
 .text.nvOpen   0x000000000000d500      0x12c C:/devkitPro/libnx/lib\libnx.a(nv.o)
                0x000000000000d500                nvOpen
 *fill*         0x000000000000d62c        0x4 
 .text.nvIoctl  0x000000000000d630      0x270 C:/devkitPro/libnx/lib\libnx.a(nv.o)
                0x000000000000d630                nvIoctl
 .text.nvClose  0x000000000000d8a0       0xdc C:/devkitPro/libnx/lib\libnx.a(nv.o)
                0x000000000000d8a0                nvClose
 *fill*         0x000000000000d97c        0x4 
 .text.nvQueryEvent
                0x000000000000d980      0x15c C:/devkitPro/libnx/lib\libnx.a(nv.o)
                0x000000000000d980                nvQueryEvent
 *fill*         0x000000000000dadc        0x4 
 .text.ipcCloseObjectById
                0x000000000000dae0       0x34 C:/devkitPro/libnx/lib\libnx.a(vi.o)
 *fill*         0x000000000000db14        0xc 
 .text._viGetSession.constprop.7
                0x000000000000db20      0x134 C:/devkitPro/libnx/lib\libnx.a(vi.o)
 *fill*         0x000000000000dc54        0xc 
 .text.viExit   0x000000000000dc60      0x1e4 C:/devkitPro/libnx/lib\libnx.a(vi.o)
                0x000000000000dc60                viExit
 *fill*         0x000000000000de44        0xc 
 .text.viInitialize
                0x000000000000de50      0x304 C:/devkitPro/libnx/lib\libnx.a(vi.o)
                0x000000000000de50                viInitialize
 *fill*         0x000000000000e154        0xc 
 .text.viGetSession_IHOSBinderDriverRelay
                0x000000000000e160        0xc C:/devkitPro/libnx/lib\libnx.a(vi.o)
                0x000000000000e160                viGetSession_IHOSBinderDriverRelay
 *fill*         0x000000000000e16c        0x4 
 .text.viOpenDisplay
                0x000000000000e170      0x140 C:/devkitPro/libnx/lib\libnx.a(vi.o)
                0x000000000000e170                viOpenDisplay
 .text.viCloseDisplay
                0x000000000000e2b0      0x104 C:/devkitPro/libnx/lib\libnx.a(vi.o)
                0x000000000000e2b0                viCloseDisplay
 *fill*         0x000000000000e3b4        0xc 
 .text.viGetDisplayVsyncEvent
                0x000000000000e3c0      0x13c C:/devkitPro/libnx/lib\libnx.a(vi.o)
                0x000000000000e3c0                viGetDisplayVsyncEvent
 *fill*         0x000000000000e4fc        0x4 
 .text.viCloseLayer
                0x000000000000e500      0x104 C:/devkitPro/libnx/lib\libnx.a(vi.o)
                0x000000000000e500                viCloseLayer
 *fill*         0x000000000000e604        0xc 
 .text.viCreateLayer
                0x000000000000e610      0x320 C:/devkitPro/libnx/lib\libnx.a(vi.o)
                0x000000000000e610                viCreateLayer
 .text.viSetLayerScalingMode
                0x000000000000e930       0xe8 C:/devkitPro/libnx/lib\libnx.a(vi.o)
                0x000000000000e930                viSetLayerScalingMode
 *fill*         0x000000000000ea18        0x8 
 .text._nvFenceEventWaitCommon
                0x000000000000ea20       0x60 C:/devkitPro/libnx/lib\libnx.a(fence.o)
 .text.nvFenceInit
                0x000000000000ea80       0x5c C:/devkitPro/libnx/lib\libnx.a(fence.o)
                0x000000000000ea80                nvFenceInit
 *fill*         0x000000000000eadc        0x4 
 .text.nvFenceExit
                0x000000000000eae0       0x98 C:/devkitPro/libnx/lib\libnx.a(fence.o)
                0x000000000000eae0                nvFenceExit
 *fill*         0x000000000000eb78        0x8 
 .text.nvFenceWait
                0x000000000000eb80      0x1e0 C:/devkitPro/libnx/lib\libnx.a(fence.o)
                0x000000000000eb80                nvFenceWait
 .text.nvMultiFenceWait
                0x000000000000ed60       0x7c C:/devkitPro/libnx/lib\libnx.a(fence.o)
                0x000000000000ed60                nvMultiFenceWait
 *fill*         0x000000000000eddc        0x4 
 .text.nvioctlNvhostCtrl_EventSignal
                0x000000000000ede0       0x24 C:/devkitPro/libnx/lib\libnx.a(nvhost-ctrl.o)
                0x000000000000ede0                nvioctlNvhostCtrl_EventSignal
 *fill*         0x000000000000ee04        0xc 
 .text.nvioctlNvhostCtrl_EventWait
                0x000000000000ee10       0x3c C:/devkitPro/libnx/lib\libnx.a(nvhost-ctrl.o)
                0x000000000000ee10                nvioctlNvhostCtrl_EventWait
 *fill*         0x000000000000ee4c        0x4 
 .text.nvioctlNvhostCtrl_EventWaitAsync
                0x000000000000ee50       0x28 C:/devkitPro/libnx/lib\libnx.a(nvhost-ctrl.o)
                0x000000000000ee50                nvioctlNvhostCtrl_EventWaitAsync
 *fill*         0x000000000000ee78        0x8 
 .text.nvioctlNvhostCtrl_EventRegister
                0x000000000000ee80       0x24 C:/devkitPro/libnx/lib\libnx.a(nvhost-ctrl.o)
                0x000000000000ee80                nvioctlNvhostCtrl_EventRegister
 *fill*         0x000000000000eea4        0xc 
 .text.nvioctlNvhostCtrl_EventUnregister
                0x000000000000eeb0       0x24 C:/devkitPro/libnx/lib\libnx.a(nvhost-ctrl.o)
                0x000000000000eeb0                nvioctlNvhostCtrl_EventUnregister
 *fill*         0x000000000000eed4        0xc 
 .text.nvioctlNvmap_Create
                0x000000000000eee0       0x3c C:/devkitPro/libnx/lib\libnx.a(nvmap.o)
                0x000000000000eee0                nvioctlNvmap_Create
 *fill*         0x000000000000ef1c        0x4 
 .text.nvioctlNvmap_Alloc
                0x000000000000ef20       0x30 C:/devkitPro/libnx/lib\libnx.a(nvmap.o)
                0x000000000000ef20                nvioctlNvmap_Alloc
 .text.nvioctlNvmap_GetId
                0x000000000000ef50       0x3c C:/devkitPro/libnx/lib\libnx.a(nvmap.o)
                0x000000000000ef50                nvioctlNvmap_GetId
 *fill*         0x000000000000ef8c        0x4 
 .text.bqRequestBuffer
                0x000000000000ef90       0xf0 C:/devkitPro/libnx/lib\libnx.a(buffer_producer.o)
                0x000000000000ef90                bqRequestBuffer
 .text.bqDequeueBuffer
                0x000000000000f080      0x154 C:/devkitPro/libnx/lib\libnx.a(buffer_producer.o)
                0x000000000000f080                bqDequeueBuffer
 *fill*         0x000000000000f1d4        0xc 
 .text.bqDetachBuffer
                0x000000000000f1e0       0x9c C:/devkitPro/libnx/lib\libnx.a(buffer_producer.o)
                0x000000000000f1e0                bqDetachBuffer
 *fill*         0x000000000000f27c        0x4 
 .text.bqQueueBuffer
                0x000000000000f280       0xe0 C:/devkitPro/libnx/lib\libnx.a(buffer_producer.o)
                0x000000000000f280                bqQueueBuffer
 .text.bqCancelBuffer
                0x000000000000f360       0x90 C:/devkitPro/libnx/lib\libnx.a(buffer_producer.o)
                0x000000000000f360                bqCancelBuffer
 .text.bqConnect
                0x000000000000f3f0       0xe4 C:/devkitPro/libnx/lib\libnx.a(buffer_producer.o)
                0x000000000000f3f0                bqConnect
 *fill*         0x000000000000f4d4        0xc 
 .text.bqDisconnect
                0x000000000000f4e0       0x9c C:/devkitPro/libnx/lib\libnx.a(buffer_producer.o)
                0x000000000000f4e0                bqDisconnect
 *fill*         0x000000000000f57c        0x4 
 .text.bqSetPreallocatedBuffer
                0x000000000000f580       0xb4 C:/devkitPro/libnx/lib\libnx.a(buffer_producer.o)
                0x000000000000f580                bqSetPreallocatedBuffer
 *fill*         0x000000000000f634        0xc 
 .text._binderTransactParcelAuto
                0x000000000000f640      0x248 C:/devkitPro/libnx/lib\libnx.a(binder.o)
 *fill*         0x000000000000f888        0x8 
 .text.ipcQueryPointerBufferSize
                0x000000000000f890       0xc8 C:/devkitPro/libnx/lib\libnx.a(binder.o)
 *fill*         0x000000000000f958        0x8 
 .text._binderTransactParcel
                0x000000000000f960      0x138 C:/devkitPro/libnx/lib\libnx.a(binder.o)
 *fill*         0x000000000000fa98        0x8 
 .text.binderCreate
                0x000000000000faa0       0x14 C:/devkitPro/libnx/lib\libnx.a(binder.o)
                0x000000000000faa0                binderCreate
 *fill*         0x000000000000fab4        0xc 
 .text.binderTransactParcel
                0x000000000000fac0       0x10 C:/devkitPro/libnx/lib\libnx.a(binder.o)
                0x000000000000fac0                binderTransactParcel
 .text.binderConvertErrorCode
                0x000000000000fad0      0x124 C:/devkitPro/libnx/lib\libnx.a(binder.o)
                0x000000000000fad0                binderConvertErrorCode
 *fill*         0x000000000000fbf4        0xc 
 .text.binderAdjustRefcount
                0x000000000000fc00       0xe8 C:/devkitPro/libnx/lib\libnx.a(binder.o)
                0x000000000000fc00                binderAdjustRefcount
 *fill*         0x000000000000fce8        0x8 
 .text.binderClose
                0x000000000000fcf0       0x74 C:/devkitPro/libnx/lib\libnx.a(binder.o)
                0x000000000000fcf0                binderClose
 *fill*         0x000000000000fd64        0xc 
 .text.binderInitSession
                0x000000000000fd70       0xc4 C:/devkitPro/libnx/lib\libnx.a(binder.o)
                0x000000000000fd70                binderInitSession
 *fill*         0x000000000000fe34        0xc 
 .text.binderGetNativeHandle
                0x000000000000fe40      0x144 C:/devkitPro/libnx/lib\libnx.a(binder.o)
                0x000000000000fe40                binderGetNativeHandle
 *fill*         0x000000000000ff84        0xc 
 .text.parcelCreate
                0x000000000000ff90       0x28 C:/devkitPro/libnx/lib\libnx.a(parcel.o)
                0x000000000000ff90                parcelCreate
 *fill*         0x000000000000ffb8        0x8 
 .text.parcelTransact
                0x000000000000ffc0      0x19c C:/devkitPro/libnx/lib\libnx.a(parcel.o)
                0x000000000000ffc0                parcelTransact
 *fill*         0x000000000001015c        0x4 
 .text.parcelWriteData
                0x0000000000010160       0x88 C:/devkitPro/libnx/lib\libnx.a(parcel.o)
                0x0000000000010160                parcelWriteData
 *fill*         0x00000000000101e8        0x8 
 .text.parcelReadData
                0x00000000000101f0       0x98 C:/devkitPro/libnx/lib\libnx.a(parcel.o)
                0x00000000000101f0                parcelReadData
 *fill*         0x0000000000010288        0x8 
 .text.parcelWriteInt32
                0x0000000000010290       0x20 C:/devkitPro/libnx/lib\libnx.a(parcel.o)
                0x0000000000010290                parcelWriteInt32
 .text.parcelWriteUInt32
                0x00000000000102b0       0x20 C:/devkitPro/libnx/lib\libnx.a(parcel.o)
                0x00000000000102b0                parcelWriteUInt32
 .text.parcelWriteString16
                0x00000000000102d0       0x80 C:/devkitPro/libnx/lib\libnx.a(parcel.o)
                0x00000000000102d0                parcelWriteString16
 .text.parcelWriteInterfaceToken
                0x0000000000010350       0x30 C:/devkitPro/libnx/lib\libnx.a(parcel.o)
                0x0000000000010350                parcelWriteInterfaceToken
 .text.parcelReadInt32
                0x0000000000010380       0x24 C:/devkitPro/libnx/lib\libnx.a(parcel.o)
                0x0000000000010380                parcelReadInt32
 *fill*         0x00000000000103a4        0xc 
 .text.parcelReadFlattenedObject
                0x00000000000103b0       0x68 C:/devkitPro/libnx/lib\libnx.a(parcel.o)
                0x00000000000103b0                parcelReadFlattenedObject
 *fill*         0x0000000000010418        0x8 
 .text.parcelWriteFlattenedObject
                0x0000000000010420       0x44 C:/devkitPro/libnx/lib\libnx.a(parcel.o)
                0x0000000000010420                parcelWriteFlattenedObject
 *fill*         0x0000000000010464        0xc 
 .text.__nx_dynamic
                0x0000000000010470       0xa0 C:/devkitPro/libnx/lib\libnx.a(dynamic.o)
                0x0000000000010470                __nx_dynamic
 .text.__libnx_initheap
                0x0000000000010510       0xd8 C:/devkitPro/libnx/lib\libnx.a(init.o)
                0x0000000000010510                __libnx_initheap
 *fill*         0x00000000000105e8        0x8 
 .text.__appInit
                0x00000000000105f0       0x90 C:/devkitPro/libnx/lib\libnx.a(init.o)
                0x00000000000105f0                __appInit
 .text.__appExit
                0x0000000000010680       0x34 C:/devkitPro/libnx/lib\libnx.a(init.o)
                0x0000000000010680                __appExit
 *fill*         0x00000000000106b4        0xc 
 .text.__libnx_init
                0x00000000000106c0       0x28 C:/devkitPro/libnx/lib\libnx.a(init.o)
                0x00000000000106c0                __libnx_init
 *fill*         0x00000000000106e8        0x8 
 .text.__libnx_exit
                0x00000000000106f0       0x20 C:/devkitPro/libnx/lib\libnx.a(init.o)
                0x00000000000106f0                __libnx_exit
 .text.mutexInit
                0x0000000000010710        0x8 C:/devkitPro/libnx/lib\libnx.a(newlib.o)
 *fill*         0x0000000000010718        0x8 
 .text.rmutexInit
                0x0000000000010720        0xc C:/devkitPro/libnx/lib\libnx.a(newlib.o)
 *fill*         0x000000000001072c        0x4 
 .text.__libnx_gtod
                0x0000000000010730       0x8c C:/devkitPro/libnx/lib\libnx.a(newlib.o)
                0x0000000000010730                __libnx_gtod
 *fill*         0x00000000000107bc        0x4 
 .text.__libnx_clock_settime
                0x00000000000107c0       0x20 C:/devkitPro/libnx/lib\libnx.a(newlib.o)
                0x00000000000107c0                __libnx_clock_settime
 .text.__libnx_nanosleep
                0x00000000000107e0       0x28 C:/devkitPro/libnx/lib\libnx.a(newlib.o)
                0x00000000000107e0                __libnx_nanosleep
 *fill*         0x0000000000010808        0x8 
 .text.__libnx_get_reent
                0x0000000000010810       0x34 C:/devkitPro/libnx/lib\libnx.a(newlib.o)
 *fill*         0x0000000000010844        0xc 
 .text.__libnx_clock_gettime
                0x0000000000010850       0xf8 C:/devkitPro/libnx/lib\libnx.a(newlib.o)
                0x0000000000010850                __libnx_clock_gettime
 *fill*         0x0000000000010948        0x8 
 .text.__libnx_clock_getres
                0x0000000000010950       0x58 C:/devkitPro/libnx/lib\libnx.a(newlib.o)
                0x0000000000010950                __libnx_clock_getres
 *fill*         0x00000000000109a8        0x8 
 .text.__libnx_init_time
                0x00000000000109b0      0x27c C:/devkitPro/libnx/lib\libnx.a(newlib.o)
                0x00000000000109b0                __libnx_init_time
 *fill*         0x0000000000010c2c        0x4 
 .text.newlibSetup
                0x0000000000010c30      0x118 C:/devkitPro/libnx/lib\libnx.a(newlib.o)
                0x0000000000010c30                newlibSetup
 *fill*         0x0000000000010d48        0x8 
 .text.argvSetup
                0x0000000000010d50      0x368 C:/devkitPro/libnx/lib\libnx.a(argv.o)
                0x0000000000010d50                argvSetup
 *fill*         0x00000000000110b8        0x8 
 .text.fsdev_link
                0x00000000000110c0       0x10 C:/devkitPro/libnx/lib\libnx.a(fs_dev.o)
 .text.fsdev_dirreset
                0x00000000000110d0       0x10 C:/devkitPro/libnx/lib\libnx.a(fs_dev.o)
 .text.fsdev_chmod
                0x00000000000110e0       0x10 C:/devkitPro/libnx/lib\libnx.a(fs_dev.o)
 .text.error_cmp
                0x00000000000110f0       0x1c C:/devkitPro/libnx/lib\libnx.a(fs_dev.o)
 *fill*         0x000000000001110c        0x4 
 .text.fsdev_translate_error
                0x0000000000011110       0x58 C:/devkitPro/libnx/lib\libnx.a(fs_dev.o)
 *fill*         0x0000000000011168        0x8 
 .text.fsdev_fsync
                0x0000000000011170       0x40 C:/devkitPro/libnx/lib\libnx.a(fs_dev.o)
 .text.fsdev_ftruncate
                0x00000000000111b0       0x60 C:/devkitPro/libnx/lib\libnx.a(fs_dev.o)
 .text.fsdev_dirclose
                0x0000000000011210       0x20 C:/devkitPro/libnx/lib\libnx.a(fs_dev.o)
 .text.fsdev_dirnext
                0x0000000000011230      0x16c C:/devkitPro/libnx/lib\libnx.a(fs_dev.o)
 *fill*         0x000000000001139c        0x4 
 .text.fsdev_close
                0x00000000000113a0       0x1c C:/devkitPro/libnx/lib\libnx.a(fs_dev.o)
 *fill*         0x00000000000113bc        0x4 
 .text.fsdev_fstat
                0x00000000000113c0       0xa4 C:/devkitPro/libnx/lib\libnx.a(fs_dev.o)
 *fill*         0x0000000000011464        0xc 
 .text.fsdev_seek
                0x0000000000011470       0xb0 C:/devkitPro/libnx/lib\libnx.a(fs_dev.o)
 .text.fsdev_read
                0x0000000000011520      0x198 C:/devkitPro/libnx/lib\libnx.a(fs_dev.o)
 *fill*         0x00000000000116b8        0x8 
 .text.fsdev_write
                0x00000000000116c0      0x1a0 C:/devkitPro/libnx/lib\libnx.a(fs_dev.o)
 .text.fsdevFindDevice
                0x0000000000011860      0x120 C:/devkitPro/libnx/lib\libnx.a(fs_dev.o)
 .text._fsdevMountDevice
                0x0000000000011980      0x168 C:/devkitPro/libnx/lib\libnx.a(fs_dev.o)
 *fill*         0x0000000000011ae8        0x8 
 .text.fsdev_getfspath
                0x0000000000011af0      0x1fc C:/devkitPro/libnx/lib\libnx.a(fs_dev.o)
 *fill*         0x0000000000011cec        0x4 
 .text.fsdev_rmdir
                0x0000000000011cf0       0x70 C:/devkitPro/libnx/lib\libnx.a(fs_dev.o)
 .text.fsdev_statvfs
                0x0000000000011d60       0xd4 C:/devkitPro/libnx/lib\libnx.a(fs_dev.o)
 *fill*         0x0000000000011e34        0xc 
 .text.fsdev_diropen
                0x0000000000011e40       0xec C:/devkitPro/libnx/lib\libnx.a(fs_dev.o)
 *fill*         0x0000000000011f2c        0x4 
 .text.fsdev_mkdir
                0x0000000000011f30       0x70 C:/devkitPro/libnx/lib\libnx.a(fs_dev.o)
 .text.fsdev_rename
                0x0000000000011fa0      0x114 C:/devkitPro/libnx/lib\libnx.a(fs_dev.o)
 *fill*         0x00000000000120b4        0xc 
 .text.fsdev_chdir
                0x00000000000120c0       0xe8 C:/devkitPro/libnx/lib\libnx.a(fs_dev.o)
 *fill*         0x00000000000121a8        0x8 
 .text.fsdev_unlink
                0x00000000000121b0       0x70 C:/devkitPro/libnx/lib\libnx.a(fs_dev.o)
 .text.fsdev_stat
                0x0000000000012220      0x1bc C:/devkitPro/libnx/lib\libnx.a(fs_dev.o)
 *fill*         0x00000000000123dc        0x4 
 .text.fsdev_open
                0x00000000000123e0      0x19c C:/devkitPro/libnx/lib\libnx.a(fs_dev.o)
 *fill*         0x000000000001257c        0x4 
 .text._fsdevUnmountDeviceStruct.part.4
                0x0000000000012580       0xb8 C:/devkitPro/libnx/lib\libnx.a(fs_dev.o)
 *fill*         0x0000000000012638        0x8 
 .text.fsdev_fchmod
                0x0000000000012640       0x10 C:/devkitPro/libnx/lib\libnx.a(fs_dev.o)
 .text.fsdevMountSdmc
                0x0000000000012650      0x158 C:/devkitPro/libnx/lib\libnx.a(fs_dev.o)
                0x0000000000012650                fsdevMountSdmc
 *fill*         0x00000000000127a8        0x8 
 .text.fsdevUnmountAll
                0x00000000000127b0       0x64 C:/devkitPro/libnx/lib\libnx.a(fs_dev.o)
                0x00000000000127b0                fsdevUnmountAll
 *fill*         0x0000000000012814        0xc 
 .text.decode_utf8
                0x0000000000012820      0x12c C:/devkitPro/libnx/lib\libnx.a(decode_utf8.o)
                0x0000000000012820                decode_utf8
 .text.__libnx_exception_entry
                0x000000000001294c      0x1c0 C:/devkitPro/libnx/lib\libnx.a(exception.o)
                0x000000000001294c                __libnx_exception_entry
 .text.__libnx_exception_returnentry
                0x0000000000012b0c       0x18 C:/devkitPro/libnx/lib\libnx.a(exception.o)
                0x0000000000012b0c                __libnx_exception_returnentry
 .text.__aarch64_read_tp
                0x0000000000012b24        0xc C:/devkitPro/libnx/lib\libnx.a(readtp.o)
                0x0000000000012b24                __aarch64_read_tp
 .text.ipcCloseObjectById
                0x0000000000012b30       0x34 C:/devkitPro/libnx/lib\libnx.a(time.o)
 *fill*         0x0000000000012b64        0xc 
 .text._timeGetSession
                0x0000000000012b70      0x12c C:/devkitPro/libnx/lib\libnx.a(time.o)
 *fill*         0x0000000000012c9c        0x4 
 .text.timeExit
                0x0000000000012ca0      0x1ec C:/devkitPro/libnx/lib\libnx.a(time.o)
                0x0000000000012ca0                timeExit
 *fill*         0x0000000000012e8c        0x4 
 .text.timeInitialize
                0x0000000000012e90       0xd8 C:/devkitPro/libnx/lib\libnx.a(time.o)
                0x0000000000012e90                timeInitialize
 *fill*         0x0000000000012f68        0x8 
 .text.timeGetCurrentTime
                0x0000000000012f70      0x124 C:/devkitPro/libnx/lib\libnx.a(time.o)
                0x0000000000012f70                timeGetCurrentTime
 *fill*         0x0000000000013094        0xc 
 .text.timeToCalendarTimeWithMyRule
                0x00000000000130a0      0x118 C:/devkitPro/libnx/lib\libnx.a(time.o)
                0x00000000000130a0                timeToCalendarTimeWithMyRule
 *fill*         0x00000000000131b8        0x8 
 .text.ipcPrepareHeader
                0x00000000000131c0      0x220 C:/devkitPro/libnx/lib\libnx.a(fs.o)
 .text.ipcParse
                0x00000000000133e0      0x22c C:/devkitPro/libnx/lib\libnx.a(fs.o)
 *fill*         0x000000000001360c        0x4 
 .text.serviceIpcParse
                0x0000000000013610       0xb8 C:/devkitPro/libnx/lib\libnx.a(fs.o)
 *fill*         0x00000000000136c8        0x8 
 .text.ipcCloseObjectById
                0x00000000000136d0       0x34 C:/devkitPro/libnx/lib\libnx.a(fs.o)
 *fill*         0x0000000000013704        0xc 
 .text.fsInitialize
                0x0000000000013710      0x200 C:/devkitPro/libnx/lib\libnx.a(fs.o)
                0x0000000000013710                fsInitialize
 .text.fsExit   0x0000000000013910       0x9c C:/devkitPro/libnx/lib\libnx.a(fs.o)
                0x0000000000013910                fsExit
 *fill*         0x00000000000139ac        0x4 
 .text.fsMountSdcard
                0x00000000000139b0      0x134 C:/devkitPro/libnx/lib\libnx.a(fs.o)
                0x00000000000139b0                fsMountSdcard
 *fill*         0x0000000000013ae4        0xc 
 .text.fsFsCreateFile
                0x0000000000013af0      0x120 C:/devkitPro/libnx/lib\libnx.a(fs.o)
                0x0000000000013af0                fsFsCreateFile
 .text.fsFsDeleteFile
                0x0000000000013c10      0x118 C:/devkitPro/libnx/lib\libnx.a(fs.o)
                0x0000000000013c10                fsFsDeleteFile
 *fill*         0x0000000000013d28        0x8 
 .text.fsFsCreateDirectory
                0x0000000000013d30      0x118 C:/devkitPro/libnx/lib\libnx.a(fs.o)
                0x0000000000013d30                fsFsCreateDirectory
 *fill*         0x0000000000013e48        0x8 
 .text.fsFsDeleteDirectory
                0x0000000000013e50      0x118 C:/devkitPro/libnx/lib\libnx.a(fs.o)
                0x0000000000013e50                fsFsDeleteDirectory
 *fill*         0x0000000000013f68        0x8 
 .text.fsFsRenameFile
                0x0000000000013f70      0x190 C:/devkitPro/libnx/lib\libnx.a(fs.o)
                0x0000000000013f70                fsFsRenameFile
 .text.fsFsRenameDirectory
                0x0000000000014100      0x190 C:/devkitPro/libnx/lib\libnx.a(fs.o)
                0x0000000000014100                fsFsRenameDirectory
 .text.fsFsGetEntryType
                0x0000000000014290      0x12c C:/devkitPro/libnx/lib\libnx.a(fs.o)
                0x0000000000014290                fsFsGetEntryType
 *fill*         0x00000000000143bc        0x4 
 .text.fsFsOpenFile
                0x00000000000143c0      0x150 C:/devkitPro/libnx/lib\libnx.a(fs.o)
                0x00000000000143c0                fsFsOpenFile
 .text.fsFsOpenDirectory
                0x0000000000014510      0x150 C:/devkitPro/libnx/lib\libnx.a(fs.o)
                0x0000000000014510                fsFsOpenDirectory
 .text.fsFsGetFreeSpace
                0x0000000000014660      0x12c C:/devkitPro/libnx/lib\libnx.a(fs.o)
                0x0000000000014660                fsFsGetFreeSpace
 *fill*         0x000000000001478c        0x4 
 .text.fsFsGetTotalSpace
                0x0000000000014790      0x12c C:/devkitPro/libnx/lib\libnx.a(fs.o)
                0x0000000000014790                fsFsGetTotalSpace
 *fill*         0x00000000000148bc        0x4 
 .text.fsFsGetFileTimeStampRaw
                0x00000000000148c0      0x190 C:/devkitPro/libnx/lib\libnx.a(fs.o)
                0x00000000000148c0                fsFsGetFileTimeStampRaw
 .text.fsFsClose
                0x0000000000014a50       0x6c C:/devkitPro/libnx/lib\libnx.a(fs.o)
                0x0000000000014a50                fsFsClose
 *fill*         0x0000000000014abc        0x4 
 .text.fsFileRead
                0x0000000000014ac0      0x138 C:/devkitPro/libnx/lib\libnx.a(fs.o)
                0x0000000000014ac0                fsFileRead
 *fill*         0x0000000000014bf8        0x8 
 .text.fsFileWrite
                0x0000000000014c00      0x10c C:/devkitPro/libnx/lib\libnx.a(fs.o)
                0x0000000000014c00                fsFileWrite
 *fill*         0x0000000000014d0c        0x4 
 .text.fsFileFlush
                0x0000000000014d10       0xe8 C:/devkitPro/libnx/lib\libnx.a(fs.o)
                0x0000000000014d10                fsFileFlush
 *fill*         0x0000000000014df8        0x8 
 .text.fsFileSetSize
                0x0000000000014e00       0xf0 C:/devkitPro/libnx/lib\libnx.a(fs.o)
                0x0000000000014e00                fsFileSetSize
 .text.fsFileGetSize
                0x0000000000014ef0      0x100 C:/devkitPro/libnx/lib\libnx.a(fs.o)
                0x0000000000014ef0                fsFileGetSize
 .text.fsFileClose
                0x0000000000014ff0       0x6c C:/devkitPro/libnx/lib\libnx.a(fs.o)
                0x0000000000014ff0                fsFileClose
 *fill*         0x000000000001505c        0x4 
 .text.fsDirClose
                0x0000000000015060       0x6c C:/devkitPro/libnx/lib\libnx.a(fs.o)
                0x0000000000015060                fsDirClose
 *fill*         0x00000000000150cc        0x4 
 .text.fsDirRead
                0x00000000000150d0      0x13c C:/devkitPro/libnx/lib\libnx.a(fs.o)
                0x00000000000150d0                fsDirRead
 *fill*         0x000000000001520c        0x4 
 .text.nxlinkSetup
                0x0000000000015210       0xc4 C:/devkitPro/libnx/lib\libnx.a(nxlink.o)
                0x0000000000015210                nxlinkSetup
 *fill*         0x00000000000152d4        0x4 
 .text._Znwm    0x00000000000152d8       0x68 c:/devkitpro/devkita64/bin/../lib/gcc/aarch64-none-elf/8.2.0/../../../../aarch64-none-elf/lib/pic\libstdc++.a(new_op.o)
                0x00000000000152d8                operator new(unsigned long)
 .text._ZNKSt9bad_alloc4whatEv
                0x0000000000015340        0xc c:/devkitpro/devkita64/bin/../lib/gcc/aarch64-none-elf/8.2.0/../../../../aarch64-none-elf/lib/pic\libstdc++.a(bad_alloc.o)
                0x0000000000015340                std::bad_alloc::what() const
 *fill*         0x000000000001534c        0x4 
 .text._ZNSt9bad_allocD2Ev
                0x0000000000015350       0x14 c:/devkitpro/devkita64/bin/../lib/gcc/aarch64-none-elf/8.2.0/../../../../aarch64-none-elf/lib/pic\libstdc++.a(bad_alloc.o)
                0x0000000000015350                std::bad_alloc::~bad_alloc()
                0x0000000000015350                std::bad_alloc::~bad_alloc()
 *fill*         0x0000000000015364        0x4 
 .text._ZNSt9bad_allocD0Ev
                0x0000000000015368       0x28 c:/devkitpro/devkita64/bin/../lib/gcc/aarch64-none-elf/8.2.0/../../../../aarch64-none-elf/lib/pic\libstdc++.a(bad_alloc.o)
                0x0000000000015368                std::bad_alloc::~bad_alloc()
 .text._ZSt15get_new_handlerv
                0x0000000000015390       0x10 c:/devkitpro/devkita64/bin/../lib/gcc/aarch64-none-elf/8.2.0/../../../../aarch64-none-elf/lib/pic\libstdc++.a(new_handler.o)
                0x0000000000015390                std::get_new_handler()
 .text._ZNSt9exceptionD2Ev
                0x00000000000153a0        0x4 c:/devkitpro/devkita64/bin/../lib/gcc/aarch64-none-elf/8.2.0/../../../../aarch64-none-elf/lib/pic\libstdc++.a(eh_exception.o)
                0x00000000000153a0                std::exception::~exception()
                0x00000000000153a0                std::exception::~exception()
 *fill*         0x00000000000153a4        0x4 
 .text._ZNSt13bad_exceptionD2Ev
                0x00000000000153a8       0x14 c:/devkitpro/devkita64/bin/../lib/gcc/aarch64-none-elf/8.2.0/../../../../aarch64-none-elf/lib/pic\libstdc++.a(eh_exception.o)
                0x00000000000153a8                std::bad_exception::~bad_exception()
                0x00000000000153a8                std::bad_exception::~bad_exception()
 *fill*         0x00000000000153bc        0x4 
 .text._ZNKSt13bad_exception4whatEv
                0x00000000000153c0        0xc c:/devkitpro/devkita64/bin/../lib/gcc/aarch64-none-elf/8.2.0/../../../../aarch64-none-elf/lib/pic\libstdc++.a(eh_exception.o)
                0x00000000000153c0                std::bad_exception::what() const
 *fill*         0x00000000000153cc        0x4 
 .text._ZNSt13bad_exceptionD0Ev
                0x00000000000153d0       0x28 c:/devkitpro/devkita64/bin/../lib/gcc/aarch64-none-elf/8.2.0/../../../../aarch64-none-elf/lib/pic\libstdc++.a(eh_exception.o)
                0x00000000000153d0                std::bad_exception::~bad_exception()
 .text._ZdlPvm  0x00000000000153f8        0x4 c:/devkitpro/devkita64/bin/../lib/gcc/aarch64-none-elf/8.2.0/../../../../aarch64-none-elf/lib/pic\libstdc++.a(del_ops.o)
                0x00000000000153f8                operator delete(void*, unsigned long)
 *fill*         0x00000000000153fc        0x4 
 .text._ZL23__gxx_exception_cleanup19_Unwind_Reason_CodeP17_Unwind_Exception
                0x0000000000015400       0x64 c:/devkitpro/devkita64/bin/../lib/gcc/aarch64-none-elf/8.2.0/../../../../aarch64-none-elf/lib/pic\libstdc++.a(eh_throw.o)
 *fill*         0x0000000000015464        0x4 
 .text.__cxa_init_primary_exception
                0x0000000000015468       0x58 c:/devkitpro/devkita64/bin/../lib/gcc/aarch64-none-elf/8.2.0/../../../../aarch64-none-elf/lib/pic\libstdc++.a(eh_throw.o)
                0x0000000000015468                __cxa_init_primary_exception
 .text.__cxa_throw
                0x00000000000154c0       0x54 c:/devkitpro/devkita64/bin/../lib/gcc/aarch64-none-elf/8.2.0/../../../../aarch64-none-elf/lib/pic\libstdc++.a(eh_throw.o)
                0x00000000000154c0                __cxa_throw
 *fill*         0x0000000000015514        0x4 
 .text.__cxa_rethrow
                0x0000000000015518       0x70 c:/devkitpro/devkita64/bin/../lib/gcc/aarch64-none-elf/8.2.0/../../../../aarch64-none-elf/lib/pic\libstdc++.a(eh_throw.o)
                0x0000000000015518                __cxa_rethrow
 .text.__cxa_begin_catch
                0x0000000000015588       0xa0 c:/devkitpro/devkita64/bin/../lib/gcc/aarch64-none-elf/8.2.0/../../../../aarch64-none-elf/lib/pic\libstdc++.a(eh_catch.o)
                0x0000000000015588                __cxa_begin_catch
 .text.__cxa_end_catch
                0x0000000000015628       0x94 c:/devkitpro/devkita64/bin/../lib/gcc/aarch64-none-elf/8.2.0/../../../../aarch64-none-elf/lib/pic\libstdc++.a(eh_catch.o)
                0x0000000000015628                __cxa_end_catch
 *fill*         0x00000000000156bc        0x4 
 .text._ZN12_GLOBAL__N_14pool4freeEPv.constprop.4
                0x00000000000156c0       0xe8 c:/devkitpro/devkita64/bin/../lib/gcc/aarch64-none-elf/8.2.0/../../../../aarch64-none-elf/lib/pic\libstdc++.a(eh_alloc.o)
 .text._ZN12_GLOBAL__N_14pool8allocateEm.constprop.5
                0x00000000000157a8       0xa8 c:/devkitpro/devkita64/bin/../lib/gcc/aarch64-none-elf/8.2.0/../../../../aarch64-none-elf/lib/pic\libstdc++.a(eh_alloc.o)
 .text.__cxa_allocate_exception
                0x0000000000015850       0x64 c:/devkitpro/devkita64/bin/../lib/gcc/aarch64-none-elf/8.2.0/../../../../aarch64-none-elf/lib/pic\libstdc++.a(eh_alloc.o)
                0x0000000000015850                __cxa_allocate_exception
 *fill*         0x00000000000158b4        0x4 
 .text.__cxa_free_exception
                0x00000000000158b8       0x30 c:/devkitpro/devkita64/bin/../lib/gcc/aarch64-none-elf/8.2.0/../../../../aarch64-none-elf/lib/pic\libstdc++.a(eh_alloc.o)
                0x00000000000158b8                __cxa_free_exception
 .text._ZdlPv   0x00000000000158e8        0x4 c:/devkitpro/devkita64/bin/../lib/gcc/aarch64-none-elf/8.2.0/../../../../aarch64-none-elf/lib/pic\libstdc++.a(del_op.o)
                0x00000000000158e8                operator delete(void*)
 *fill*         0x00000000000158ec        0x4 
 .text._ZN10__cxxabiv120__si_class_type_infoD2Ev
                0x00000000000158f0       0x14 c:/devkitpro/devkita64/bin/../lib/gcc/aarch64-none-elf/8.2.0/../../../../aarch64-none-elf/lib/pic\libstdc++.a(si_class_type_info.o)
                0x00000000000158f0                __cxxabiv1::__si_class_type_info::~__si_class_type_info()
                0x00000000000158f0                __cxxabiv1::__si_class_type_info::~__si_class_type_info()
 *fill*         0x0000000000015904        0x4 
 .text._ZN10__cxxabiv120__si_class_type_infoD0Ev
                0x0000000000015908       0x28 c:/devkitpro/devkita64/bin/../lib/gcc/aarch64-none-elf/8.2.0/../../../../aarch64-none-elf/lib/pic\libstdc++.a(si_class_type_info.o)
                0x0000000000015908                __cxxabiv1::__si_class_type_info::~__si_class_type_info()
 .text._ZNK10__cxxabiv120__si_class_type_info20__do_find_public_srcElPKvPKNS_17__class_type_infoES2_
                0x0000000000015930       0x80 c:/devkitpro/devkita64/bin/../lib/gcc/aarch64-none-elf/8.2.0/../../../../aarch64-none-elf/lib/pic\libstdc++.a(si_class_type_info.o)
                0x0000000000015930                __cxxabiv1::__si_class_type_info::__do_find_public_src(long, void const*, __cxxabiv1::__class_type_info const*, void const*) const
 .text._ZNK10__cxxabiv120__si_class_type_info12__do_dyncastElNS_17__class_type_info10__sub_kindEPKS1_PKvS4_S6_RNS1_16__dyncast_resultE
                0x00000000000159b0      0x13c c:/devkitpro/devkita64/bin/../lib/gcc/aarch64-none-elf/8.2.0/../../../../aarch64-none-elf/lib/pic\libstdc++.a(si_class_type_info.o)
                0x00000000000159b0                __cxxabiv1::__si_class_type_info::__do_dyncast(long, __cxxabiv1::__class_type_info::__sub_kind, __cxxabiv1::__class_type_info const*, void const*, __cxxabiv1::__class_type_info const*, void const*, __cxxabiv1::__class_type_info::__dyncast_result&) const
 *fill*         0x0000000000015aec        0x4 
 .text._ZNK10__cxxabiv120__si_class_type_info11__do_upcastEPKNS_17__class_type_infoEPKvRNS1_15__upcast_resultE
                0x0000000000015af0       0x68 c:/devkitpro/devkita64/bin/../lib/gcc/aarch64-none-elf/8.2.0/../../../../aarch64-none-elf/lib/pic\libstdc++.a(si_class_type_info.o)
                0x0000000000015af0                __cxxabiv1::__si_class_type_info::__do_upcast(__cxxabiv1::__class_type_info const*, void const*, __cxxabiv1::__class_type_info::__upcast_result&) const
 .text._ZSt17__throw_bad_allocv
                0x0000000000015b58       0x34 c:/devkitpro/devkita64/bin/../lib/gcc/aarch64-none-elf/8.2.0/../../../../aarch64-none-elf/lib/pic\libstdc++.a(functexcept.o)
                0x0000000000015b58                std::__throw_bad_alloc()
 *fill*         0x0000000000015b8c        0x4 
 .text.__cxa_get_globals_fast
                0x0000000000015b90        0xc c:/devkitpro/devkita64/bin/../lib/gcc/aarch64-none-elf/8.2.0/../../../../aarch64-none-elf/lib/pic\libstdc++.a(eh_globals.o)
                0x0000000000015b90                __cxa_get_globals_fast
 *fill*         0x0000000000015b9c        0x4 
 .text.__cxa_get_globals
                0x0000000000015ba0        0xc c:/devkitpro/devkita64/bin/../lib/gcc/aarch64-none-elf/8.2.0/../../../../aarch64-none-elf/lib/pic\libstdc++.a(eh_globals.o)
                0x0000000000015ba0                __cxa_get_globals
 *fill*         0x0000000000015bac        0x4 
 .text._ZN10__cxxabiv111__terminateEPFvvE
                0x0000000000015bb0       0x3c c:/devkitpro/devkita64/bin/../lib/gcc/aarch64-none-elf/8.2.0/../../../../aarch64-none-elf/lib/pic\libstdc++.a(eh_terminate.o)
                0x0000000000015bb0                __cxxabiv1::__terminate(void (*)())
 *fill*         0x0000000000015bec        0x4 
 .text._ZSt13get_terminatev
                0x0000000000015bf0       0x10 c:/devkitpro/devkita64/bin/../lib/gcc/aarch64-none-elf/8.2.0/../../../../aarch64-none-elf/lib/pic\libstdc++.a(eh_terminate.o)
                0x0000000000015bf0                std::get_terminate()
 .text._ZSt9terminatev
                0x0000000000015c00       0x10 c:/devkitpro/devkita64/bin/../lib/gcc/aarch64-none-elf/8.2.0/../../../../aarch64-none-elf/lib/pic\libstdc++.a(eh_terminate.o)
                0x0000000000015c00                std::terminate()
 .text._ZN10__cxxabiv112__unexpectedEPFvvE
                0x0000000000015c10       0x10 c:/devkitpro/devkita64/bin/../lib/gcc/aarch64-none-elf/8.2.0/../../../../aarch64-none-elf/lib/pic\libstdc++.a(eh_terminate.o)
                0x0000000000015c10                __cxxabiv1::__unexpected(void (*)())
 .text._ZSt14get_unexpectedv
                0x0000000000015c20       0x10 c:/devkitpro/devkita64/bin/../lib/gcc/aarch64-none-elf/8.2.0/../../../../aarch64-none-elf/lib/pic\libstdc++.a(eh_terminate.o)
                0x0000000000015c20                std::get_unexpected()
 .text._ZSt10unexpectedv
                0x0000000000015c30       0x10 c:/devkitpro/devkita64/bin/../lib/gcc/aarch64-none-elf/8.2.0/../../../../aarch64-none-elf/lib/pic\libstdc++.a(eh_terminate.o)
                0x0000000000015c30                std::unexpected()
 .text._ZNSt9type_infoD2Ev
                0x0000000000015c40        0x4 c:/devkitpro/devkita64/bin/../lib/gcc/aarch64-none-elf/8.2.0/../../../../aarch64-none-elf/lib/pic\libstdc++.a(tinfo.o)
                0x0000000000015c40                std::type_info::~type_info()
                0x0000000000015c40                std::type_info::~type_info()
 *fill*         0x0000000000015c44        0x4 
 .text._ZNKSt9type_info14__is_pointer_pEv
                0x0000000000015c48        0x8 c:/devkitpro/devkita64/bin/../lib/gcc/aarch64-none-elf/8.2.0/../../../../aarch64-none-elf/lib/pic\libstdc++.a(tinfo.o)
                0x0000000000015c48                std::type_info::__is_pointer_p() const
                0x0000000000015c48                std::type_info::__is_function_p() const
 .text._ZL16get_adjusted_ptrPKSt9type_infoS1_PPv
                0x0000000000015c50       0x84 c:/devkitpro/devkita64/bin/../lib/gcc/aarch64-none-elf/8.2.0/../../../../aarch64-none-elf/lib/pic\libstdc++.a(eh_personality.o)
 *fill*         0x0000000000015cd4        0x4 
 .text._ZL28read_encoded_value_with_basehmPKhPm
                0x0000000000015cd8      0x15c c:/devkitpro/devkita64/bin/../lib/gcc/aarch64-none-elf/8.2.0/../../../../aarch64-none-elf/lib/pic\libstdc++.a(eh_personality.o)
 *fill*         0x0000000000015e34        0x4 
 .text._ZL15get_ttype_entryP16lsda_header_infom
                0x0000000000015e38       0xc0 c:/devkitpro/devkita64/bin/../lib/gcc/aarch64-none-elf/8.2.0/../../../../aarch64-none-elf/lib/pic\libstdc++.a(eh_personality.o)
 .text._ZL20check_exception_specP16lsda_header_infoPKSt9type_infoPvl
                0x0000000000015ef8       0x94 c:/devkitpro/devkita64/bin/../lib/gcc/aarch64-none-elf/8.2.0/../../../../aarch64-none-elf/lib/pic\libstdc++.a(eh_personality.o)
 *fill*         0x0000000000015f8c        0x4 
 .text._ZL21base_of_encoded_valuehP15_Unwind_Context
                0x0000000000015f90       0x6c c:/devkitpro/devkita64/bin/../lib/gcc/aarch64-none-elf/8.2.0/../../../../aarch64-none-elf/lib/pic\libstdc++.a(eh_personality.o)
 *fill*         0x0000000000015ffc        0x4 
 .text._ZL17parse_lsda_headerP15_Unwind_ContextPKhP16lsda_header_info
                0x0000000000016000      0x108 c:/devkitpro/devkita64/bin/../lib/gcc/aarch64-none-elf/8.2.0/../../../../aarch64-none-elf/lib/pic\libstdc++.a(eh_personality.o)
 .text.__gxx_personality_v0
                0x0000000000016108      0x4dc c:/devkitpro/devkita64/bin/../lib/gcc/aarch64-none-elf/8.2.0/../../../../aarch64-none-elf/lib/pic\libstdc++.a(eh_personality.o)
                0x0000000000016108                __gxx_personality_v0
 *fill*         0x00000000000165e4        0x4 
 .text.__cxa_call_unexpected
                0x00000000000165e8       0xf0 c:/devkitpro/devkita64/bin/../lib/gcc/aarch64-none-elf/8.2.0/../../../../aarch64-none-elf/lib/pic\libstdc++.a(eh_personality.o)
                0x00000000000165e8                __cxa_call_unexpected
 .text._ZNK10__cxxabiv117__class_type_info11__do_upcastEPKS0_PPv
                0x00000000000166d8       0x6c c:/devkitpro/devkita64/bin/../lib/gcc/aarch64-none-elf/8.2.0/../../../../aarch64-none-elf/lib/pic\libstdc++.a(class_type_info.o)
                0x00000000000166d8                __cxxabiv1::__class_type_info::__do_upcast(__cxxabiv1::__class_type_info const*, void**) const
 *fill*         0x0000000000016744        0x4 
 .text._ZNK10__cxxabiv117__class_type_info20__do_find_public_srcElPKvPKS0_S2_
                0x0000000000016748       0x10 c:/devkitpro/devkita64/bin/../lib/gcc/aarch64-none-elf/8.2.0/../../../../aarch64-none-elf/lib/pic\libstdc++.a(class_type_info.o)
                0x0000000000016748                __cxxabiv1::__class_type_info::__do_find_public_src(long, void const*, __cxxabiv1::__class_type_info const*, void const*) const
 .text._ZN10__cxxabiv117__class_type_infoD2Ev
                0x0000000000016758       0x14 c:/devkitpro/devkita64/bin/../lib/gcc/aarch64-none-elf/8.2.0/../../../../aarch64-none-elf/lib/pic\libstdc++.a(class_type_info.o)
                0x0000000000016758                __cxxabiv1::__class_type_info::~__class_type_info()
                0x0000000000016758                __cxxabiv1::__class_type_info::~__class_type_info()
 *fill*         0x000000000001676c        0x4 
 .text._ZN10__cxxabiv117__class_type_infoD0Ev
                0x0000000000016770       0x28 c:/devkitpro/devkita64/bin/../lib/gcc/aarch64-none-elf/8.2.0/../../../../aarch64-none-elf/lib/pic\libstdc++.a(class_type_info.o)
                0x0000000000016770                __cxxabiv1::__class_type_info::~__class_type_info()
 .text._ZNK10__cxxabiv117__class_type_info12__do_dyncastElNS0_10__sub_kindEPKS0_PKvS3_S5_RNS0_16__dyncast_resultE
                0x0000000000016798       0xd4 c:/devkitpro/devkita64/bin/../lib/gcc/aarch64-none-elf/8.2.0/../../../../aarch64-none-elf/lib/pic\libstdc++.a(class_type_info.o)
                0x0000000000016798                __cxxabiv1::__class_type_info::__do_dyncast(long, __cxxabiv1::__class_type_info::__sub_kind, __cxxabiv1::__class_type_info const*, void const*, __cxxabiv1::__class_type_info const*, void const*, __cxxabiv1::__class_type_info::__dyncast_result&) const
 *fill*         0x000000000001686c        0x4 
 .text._ZNK10__cxxabiv117__class_type_info11__do_upcastEPKS0_PKvRNS0_15__upcast_resultE
                0x0000000000016870       0x68 c:/devkitpro/devkita64/bin/../lib/gcc/aarch64-none-elf/8.2.0/../../../../aarch64-none-elf/lib/pic\libstdc++.a(class_type_info.o)
                0x0000000000016870                __cxxabiv1::__class_type_info::__do_upcast(__cxxabiv1::__class_type_info const*, void const*, __cxxabiv1::__class_type_info::__upcast_result&) const
 .text._ZNK10__cxxabiv117__class_type_info10__do_catchEPKSt9type_infoPPvj
                0x00000000000168d8       0xa8 c:/devkitpro/devkita64/bin/../lib/gcc/aarch64-none-elf/8.2.0/../../../../aarch64-none-elf/lib/pic\libstdc++.a(class_type_info.o)
                0x00000000000168d8                __cxxabiv1::__class_type_info::__do_catch(std::type_info const*, void**, unsigned int) const
 .text.__cxa_call_terminate
                0x0000000000016980       0x44 c:/devkitpro/devkita64/bin/../lib/gcc/aarch64-none-elf/8.2.0/../../../../aarch64-none-elf/lib/pic\libstdc++.a(eh_call.o)
                0x0000000000016980                __cxa_call_terminate
 *fill*         0x00000000000169c4        0x4 
 .text.read_encoded_value_with_base
                0x00000000000169c8      0x15c c:/devkitpro/devkita64/bin/../lib/gcc/aarch64-none-elf/8.2.0/pic\libgcc.a(unwind-dw2.o)
 *fill*         0x0000000000016b24        0x4 
 .text.base_of_encoded_value
                0x0000000000016b28       0x70 c:/devkitpro/devkita64/bin/../lib/gcc/aarch64-none-elf/8.2.0/pic\libgcc.a(unwind-dw2.o)
 .text.execute_cfa_program
                0x0000000000016b98      0x80c c:/devkitpro/devkita64/bin/../lib/gcc/aarch64-none-elf/8.2.0/pic\libgcc.a(unwind-dw2.o)
 *fill*         0x00000000000173a4        0x4 
 .text.uw_frame_state_for
                0x00000000000173a8      0x40c c:/devkitpro/devkita64/bin/../lib/gcc/aarch64-none-elf/8.2.0/pic\libgcc.a(unwind-dw2.o)
 *fill*         0x00000000000177b4        0x4 
 .text.execute_stack_op
                0x00000000000177b8      0x720 c:/devkitpro/devkita64/bin/../lib/gcc/aarch64-none-elf/8.2.0/pic\libgcc.a(unwind-dw2.o)
 .text.uw_update_context_1
                0x0000000000017ed8      0x37c c:/devkitpro/devkita64/bin/../lib/gcc/aarch64-none-elf/8.2.0/pic\libgcc.a(unwind-dw2.o)
 *fill*         0x0000000000018254        0x4 
 .text.uw_init_context_1
                0x0000000000018258      0x22c c:/devkitpro/devkita64/bin/../lib/gcc/aarch64-none-elf/8.2.0/pic\libgcc.a(unwind-dw2.o)
 *fill*         0x0000000000018484        0x4 
 .text.uw_update_context
                0x0000000000018488       0xb4 c:/devkitpro/devkita64/bin/../lib/gcc/aarch64-none-elf/8.2.0/pic\libgcc.a(unwind-dw2.o)
 *fill*         0x000000000001853c        0x4 
 .text._Unwind_RaiseException_Phase2
                0x0000000000018540       0xe0 c:/devkitpro/devkita64/bin/../lib/gcc/aarch64-none-elf/8.2.0/pic\libgcc.a(unwind-dw2.o)
 .text._Unwind_ForcedUnwind_Phase2
                0x0000000000018620      0x118 c:/devkitpro/devkita64/bin/../lib/gcc/aarch64-none-elf/8.2.0/pic\libgcc.a(unwind-dw2.o)
 .text.uw_install_context_1
                0x0000000000018738      0x164 c:/devkitpro/devkita64/bin/../lib/gcc/aarch64-none-elf/8.2.0/pic\libgcc.a(unwind-dw2.o)
 *fill*         0x000000000001889c        0x4 
 .text._Unwind_SetGR
                0x00000000000188a0       0x54 c:/devkitpro/devkita64/bin/../lib/gcc/aarch64-none-elf/8.2.0/pic\libgcc.a(unwind-dw2.o)
                0x00000000000188a0                _Unwind_SetGR
 *fill*         0x00000000000188f4        0x4 
 .text._Unwind_GetIPInfo
                0x00000000000188f8       0x14 c:/devkitpro/devkita64/bin/../lib/gcc/aarch64-none-elf/8.2.0/pic\libgcc.a(unwind-dw2.o)
                0x00000000000188f8                _Unwind_GetIPInfo
 *fill*         0x000000000001890c        0x4 
 .text._Unwind_SetIP
                0x0000000000018910        0x8 c:/devkitpro/devkita64/bin/../lib/gcc/aarch64-none-elf/8.2.0/pic\libgcc.a(unwind-dw2.o)
                0x0000000000018910                _Unwind_SetIP
 .text._Unwind_GetLanguageSpecificData
                0x0000000000018918        0x8 c:/devkitpro/devkita64/bin/../lib/gcc/aarch64-none-elf/8.2.0/pic\libgcc.a(unwind-dw2.o)
                0x0000000000018918                _Unwind_GetLanguageSpecificData
 .text._Unwind_GetRegionStart
                0x0000000000018920        0x8 c:/devkitpro/devkita64/bin/../lib/gcc/aarch64-none-elf/8.2.0/pic\libgcc.a(unwind-dw2.o)
                0x0000000000018920                _Unwind_GetRegionStart
 .text._Unwind_GetDataRelBase
                0x0000000000018928        0x8 c:/devkitpro/devkita64/bin/../lib/gcc/aarch64-none-elf/8.2.0/pic\libgcc.a(unwind-dw2.o)
                0x0000000000018928                _Unwind_GetDataRelBase
 .text._Unwind_GetTextRelBase
                0x0000000000018930        0x8 c:/devkitpro/devkita64/bin/../lib/gcc/aarch64-none-elf/8.2.0/pic\libgcc.a(unwind-dw2.o)
                0x0000000000018930                _Unwind_GetTextRelBase
 .text._Unwind_DebugHook
                0x0000000000018938        0x4 c:/devkitpro/devkita64/bin/../lib/gcc/aarch64-none-elf/8.2.0/pic\libgcc.a(unwind-dw2.o)
 *fill*         0x000000000001893c        0x4 
 .text._Unwind_RaiseException
                0x0000000000018940      0x18c c:/devkitpro/devkita64/bin/../lib/gcc/aarch64-none-elf/8.2.0/pic\libgcc.a(unwind-dw2.o)
                0x0000000000018940                _Unwind_RaiseException
 *fill*         0x0000000000018acc        0x4 
 .text._Unwind_Resume